[2026-03-18 10:03:35] Starting daily scan workflow
[2026-03-18 10:03:35] explosive_scanner started | start_utc=2026-03-18T14:03:35Z
[2026-03-18 10:03:35] RUN: C:\Users\jkers\AppData\Local\Programs\Python\Python313\python.exe explosive_play_scanner.py --output explosive_play_candidates.csv --history explosive_play_historical_scans.csv
[2026-03-18 10:06:00] [stdout] Building universe from Finviz...
[2026-03-18 10:06:00] [stdout] [Info] loading page [###---------------------------] 1/10 
[2026-03-18 10:06:00] [stdout] [Info] loading page [######------------------------] 2/10 
[2026-03-18 10:06:00] [stdout] [Info] loading page [#########---------------------] 3/10 
[2026-03-18 10:06:00] [stdout] [Info] loading page [############------------------] 4/10 
[2026-03-18 10:06:00] [stdout] [Info] loading page [###############---------------] 5/10 
[2026-03-18 10:06:00] [stdout] [Info] loading page [##################------------] 6/10 
[2026-03-18 10:06:00] [stdout] [Info] loading page [#####################---------] 7/10 
[2026-03-18 10:06:00] [stdout] [Info] loading page [########################------] 8/10 
[2026-03-18 10:06:00] [stdout] [Info] loading page [###########################---] 9/10 
[2026-03-18 10:06:00] [stdout] Universe size: 100
[2026-03-18 10:06:00] [stdout] [1/100] Scanning AAOI...
[2026-03-18 10:06:00] [stdout] [2/100] Scanning ABSI...
[2026-03-18 10:06:00] [stdout] [3/100] Scanning ACDC...
[2026-03-18 10:06:00] [stdout] [4/100] Scanning ADCT...
[2026-03-18 10:06:00] [stdout] [5/100] Scanning ADP...
[2026-03-18 10:06:00] [stdout] [6/100] Scanning ADTN...
[2026-03-18 10:06:00] [stdout] [7/100] Scanning AEHR...
[2026-03-18 10:06:00] [stdout] [8/100] Scanning AEM...
[2026-03-18 10:06:00] [stdout] [9/100] Scanning AG...
[2026-03-18 10:06:00] [stdout] [10/100] Scanning AGRO...
[2026-03-18 10:06:00] [stdout] [11/100] Scanning AIRO...
[2026-03-18 10:06:00] [stdout] [12/100] Scanning ALGM...
[2026-03-18 10:06:00] [stdout] [13/100] Scanning ALHC...
[2026-03-18 10:06:00] [stdout] [14/100] Scanning ALM...
[2026-03-18 10:06:00] [stdout] [15/100] Scanning ALOY...
[2026-03-18 10:06:00] [stdout] [16/100] Scanning AMPH...
[2026-03-18 10:06:00] [stdout] [17/100] Scanning ANGX...
[2026-03-18 10:06:00] [stdout] [18/100] Scanning ARGX...
[2026-03-18 10:06:00] [stdout] [19/100] Scanning AS...
[2026-03-18 10:06:00] [stdout] [20/100] Scanning ASM...
[2026-03-18 10:06:00] [stdout] [21/100] Scanning ASPI...
[2026-03-18 10:06:00] [stdout] [22/100] Scanning ATAT...
[2026-03-18 10:06:00] [stdout] [23/100] Scanning ATRC...
[2026-03-18 10:06:00] [stdout] [24/100] Scanning AU...
[2026-03-18 10:06:00] [stdout] [25/100] Scanning AUNA...
[2026-03-18 10:06:00] [stdout] [26/100] Scanning AXTI...
[2026-03-18 10:06:00] [stdout] [27/100] Scanning AZTA...
[2026-03-18 10:06:00] [stdout] [28/100] Scanning B...
[2026-03-18 10:06:00] [stdout] [29/100] Scanning BABA...
[2026-03-18 10:06:00] [stdout] [30/100] Scanning BBVA...
[2026-03-18 10:06:00] [stdout] [31/100] Scanning BCAR...
[2026-03-18 10:06:00] [stdout] [32/100] Scanning BDJ...
[2026-03-18 10:06:00] [stdout] [33/100] Scanning BEKE...
[2026-03-18 10:06:00] [stdout] [34/100] Scanning BIDU...
[2026-03-18 10:06:00] [stdout] [35/100] Scanning BIPC...
[2026-03-18 10:06:00] [stdout] [36/100] Scanning BMNR...
[2026-03-18 10:06:00] [stdout] [37/100] Scanning BP...
[2026-03-18 10:06:00] [stdout] [38/100] Scanning BTI...
[2026-03-18 10:06:00] [stdout] [39/100] Scanning BTSG...
[2026-03-18 10:06:00] [stdout] [40/100] Scanning BTZ...
[2026-03-18 10:06:00] [stdout] [41/100] Scanning BW...
[2026-03-18 10:06:00] [stdout] [42/100] Scanning BWLP...
[2026-03-18 10:06:00] [stdout] [43/100] Scanning BZ...
[2026-03-18 10:06:00] [stdout] [44/100] Scanning CCO...
[2026-03-18 10:06:00] [stdout] [45/100] Scanning CDE...
[2026-03-18 10:06:00] [stdout] [46/100] Scanning CF...
[2026-03-18 10:06:00] [stdout] [47/100] Scanning CLOV...
[2026-03-18 10:06:00] [stdout] [48/100] Scanning COHR...
[2026-03-18 10:06:00] [stdout] [49/100] Scanning COIN...
[2026-03-18 10:06:00] [stdout] [50/100] Scanning CRCL...
[2026-03-18 10:06:00] [stdout] [51/100] Scanning CRDO...
[2026-03-18 10:06:00] [stdout] [52/100] Scanning CTMX...
[2026-03-18 10:06:00] [stdout] [53/100] Scanning CTSH...
[2026-03-18 10:06:00] [stdout] [54/100] Scanning CUK...
[2026-03-18 10:06:00] [stdout] [55/100] Scanning DC...
[2026-03-18 10:06:00] [stdout] [56/100] Scanning DOCN...
[2026-03-18 10:06:00] [stdout] [57/100] Scanning DOCU...
[2026-03-18 10:06:00] [stdout] [58/100] Scanning DQ...
[2026-03-18 10:06:00] [stdout] [59/100] Scanning DRD...
[2026-03-18 10:06:00] [stdout] [60/100] Scanning DRTS...
[2026-03-18 10:06:00] [stdout] [61/100] Scanning DVS...
[2026-03-18 10:06:00] [stdout] [62/100] Scanning E...
[2026-03-18 10:06:00] [stdout] [63/100] Scanning EDU...
[2026-03-18 10:06:00] [stdout] [64/100] Scanning EQNR...
[2026-03-18 10:06:00] [stdout] [65/100] Scanning EQX...
[2026-03-18 10:06:00] [stdout] [66/100] Scanning EXK...
[2026-03-18 10:06:00] [stdout] [67/100] Scanning FINV...
[2026-03-18 10:06:00] [stdout] [68/100] Scanning FLNG...
[2026-03-18 10:06:00] [stdout] [69/100] Scanning FOXF...
[2026-03-18 10:06:00] [stdout] [70/100] Scanning FSK...
[2026-03-18 10:06:00] [stdout] [71/100] Scanning GDS...
[2026-03-18 10:06:00] [stdout] [72/100] Scanning GEHC...
[2026-03-18 10:06:00] [stdout] [73/100] Scanning GEMI...
[2026-03-18 10:06:00] [stdout] [74/100] Scanning GFI...
[2026-03-18 10:06:00] [stdout] [75/100] Scanning GGN...
[2026-03-18 10:06:00] [stdout] [76/100] Scanning GIS...
[2026-03-18 10:06:00] [stdout] [77/100] Scanning GPRK...
[2026-03-18 10:06:00] [stdout] [78/100] Scanning GTLS...
[2026-03-18 10:06:00] [stdout] [79/100] Scanning GXO...
[2026-03-18 10:06:00] [stdout] [80/100] Scanning HIMX...
[2026-03-18 10:06:00] [stdout] [81/100] Scanning HMY...
[2026-03-18 10:06:00] [stdout] [82/100] Scanning HQY...
[2026-03-18 10:06:00] [stdout] [83/100] Scanning HSHP...
[2026-03-18 10:06:00] [stdout] [84/100] Scanning HTHT...
[2026-03-18 10:06:00] [stdout] [85/100] Scanning IAUX...
[2026-03-18 10:06:00] [stdout] [86/100] Scanning IE...
[2026-03-18 10:06:00] [stdout] [87/100] Scanning IGD...
[2026-03-18 10:06:00] [stdout] [88/100] Scanning ING...
[2026-03-18 10:06:00] [stdout] [89/100] Scanning ITRG...
[2026-03-18 10:06:00] [stdout] [90/100] Scanning JBL...
[2026-03-18 10:06:00] [stdout] [91/100] Scanning KC...
[2026-03-18 10:06:00] [stdout] [92/100] Scanning KGC...
[2026-03-18 10:06:00] [stdout] [93/100] Scanning KOS...
[2026-03-18 10:06:00] [stdout] [94/100] Scanning KSS...
[2026-03-18 10:06:00] [stdout] [95/100] Scanning LAES...
[2026-03-18 10:06:00] [stdout] [96/100] Scanning LASR...
[2026-03-18 10:06:00] [stdout] [97/100] Scanning LCID...
[2026-03-18 10:06:00] [stdout] [98/100] Scanning LECO...
[2026-03-18 10:06:00] [stdout] [99/100] Scanning LI...
[2026-03-18 10:06:00] [stdout] [100/100] Scanning LITE...
[2026-03-18 10:06:00] [stdout] 
[2026-03-18 10:06:00] [stdout] Top candidates:
[2026-03-18 10:06:00] [stdout] 
[2026-03-18 10:06:00] [stdout]  scan_date ticker  price  market_cap  float_shares  rel_volume  dollar_volume  vol_expansion_score  compression_score  breakout_score  trend_score  news_score  short_interest_score  premarket_gap_score  social_score  insider_score  total_score                                                                                                               reason  repeat_count_30d scan_time_utc  event_intel_score  sec_insider_score  anomaly_score anomaly_label  anomaly_flags  baseline_sample_size event_tags event_intel_reason
[2026-03-18 10:06:00] [stdout] 2026-03-18   BCAR  10.11   416532000      25099864         2.9     4467780.72                  3.0                3.0             3.0          1.0         1.0                   0.0                  0.0           1.0            0.0        16.78 unusual volume, multi-day volume expansion, tight consolidation, near breakout, elevated news flow, retail attention                 1           NaN                NaN                NaN            NaN           NaN            NaN                   NaN        NaN                NaN
[2026-03-18 10:06:00] [stdout] 2026-03-18   IAUX   1.45  1213947776     701107358         2.0    24004842.29                  2.6                0.0             0.0          1.0         0.0                   0.0                  0.0           1.0            0.0         6.81                                                                         multi-day volume expansion, retail attention                 1           NaN                NaN                NaN            NaN           NaN            NaN                   NaN        NaN                NaN
[2026-03-18 10:06:00] [stdout] 
[2026-03-18 10:06:00] [stdout] Saved ranked results to: explosive_play_candidates.csv
[2026-03-18 10:06:00] [stdout] Appended results to history file: explosive_play_historical_scans.csv
[2026-03-18 10:06:00] [stdout] Event-intel merge: merged event-intel data (rows=20, used_composite=False)
[2026-03-18 10:06:00] explosive_scanner finished | end_utc=2026-03-18T14:06:00Z | elapsed_seconds=144.902
[2026-03-18 10:06:00] event_intel_scanner started | start_utc=2026-03-18T14:06:00Z
[2026-03-18 10:06:00] RUN: C:\Users\jkers\AppData\Local\Programs\Python\Python313\python.exe event_intel_scanner.py --input-csv explosive_play_candidates.csv --ticker-column ticker --output event_intel_scan.csv --history event_intel_history.csv
[2026-03-18 10:06:03] [stdout] Scanning 2 ticker(s) for event intelligence...
[2026-03-18 10:06:03] [stdout] [1/2] BCAR
[2026-03-18 10:06:03] [stdout] [2/2] IAUX
[2026-03-18 10:06:03] [stdout] 
[2026-03-18 10:06:03] [stdout] Top event-intel results:
[2026-03-18 10:06:03] [stdout] 
[2026-03-18 10:06:03] [stdout]        scan_time_utc ticker                     company_name  sec_insider_score  congressional_score  procurement_score  ownership_score  event_intel_score  signal_count days_since_latest_event confidence_label event_tags top_sources                                                                                                                                                  reason  baseline_sample_size  baseline_window_days baseline_event_intel_median baseline_signal_count_median baseline_days_since_latest_event_median  event_intel_score_z  signal_count_z  freshness_z  anomaly_score anomaly_label anomaly_flags                                  anomaly_reason  novel_tag_count  novel_source_count
[2026-03-18 10:06:03] [stdout] 2026-03-18T14:06:02Z   BCAR D. Boral ARC Acquisition I Corp.                0.0                  0.0                0.0              0.0                0.0             0                    None Low Event Signal                        no event-intel signals; SEC=recent Form 4 filings found, but no actionable transactions parsed; SAM=SAM_API_KEY not set; Congress=HOUSE_PTR_CSV not set                     0                     0                        None                         None                                    None                  0.0             0.0          0.0            0.0   No Baseline               baseline unavailable: no prior scans for ticker                0                   0
[2026-03-18 10:06:03] [stdout] 2026-03-18T14:06:02Z   IAUX                  i-80 Gold Corp.                0.0                  0.0                0.0              0.0                0.0             0                    None Low Event Signal                        no event-intel signals; SEC=recent Form 4 filings found, but no actionable transactions parsed; SAM=SAM_API_KEY not set; Congress=HOUSE_PTR_CSV not set                     0                     0                        None                         None                                    None                  0.0             0.0          0.0            0.0   No Baseline               baseline unavailable: no prior scans for ticker                0                   0
[2026-03-18 10:06:03] [stdout] 
[2026-03-18 10:06:03] [stdout] Saved output to: event_intel_scan.csv
[2026-03-18 10:06:03] event_intel_scanner finished | end_utc=2026-03-18T14:06:03Z | elapsed_seconds=3.024
[2026-03-18 10:06:03] merge_event_intel started | start_utc=2026-03-18T14:06:03Z
[2026-03-18 10:06:03] merge_event_intel finished | end_utc=2026-03-18T14:06:03Z | elapsed_seconds=0.044
[2026-03-18 10:06:03] auto_evaluator started | start_utc=2026-03-18T14:06:03Z
[2026-03-18 10:06:03] RUN: C:\Users\jkers\AppData\Local\Programs\Python\Python313\python.exe explosive_play_evaluator.py --explosive-history explosive_play_historical_scans.csv --event-history event_intel_history.csv --output explosive_play_eval.csv --top-n 5,10,20 --auto-evaluate --composite-weights 0.65,0.25,0.10
[2026-03-18 10:06:20] [stdout] 
[2026-03-18 10:06:20] [stdout] Evaluation summary
[2026-03-18 10:06:20] [stdout] Rows: 0 | Date window: min to max
[2026-03-18 10:06:20] [stdout] Total historical scans: 227
[2026-03-18 10:06:20] [stdout] Rows eligible for evaluation: 0
[2026-03-18 10:06:20] [stdout] Rows skipped due to insufficient forward data: 227
[2026-03-18 10:06:20] [stdout] Composite weights: (0.65, 0.25, 0.1)
[2026-03-18 10:06:20] [stdout] Spearman corr base: n/a
[2026-03-18 10:06:20] [stdout] Spearman corr composite: n/a
[2026-03-18 10:06:20] [stdout] 
[2026-03-18 10:06:20] [stdout] Hit-rate / return snapshots:
[2026-03-18 10:06:20] [stdout] Base Top 5 on total_score: no data
[2026-03-18 10:06:20] [stdout] Base Top 10 on total_score: no data
[2026-03-18 10:06:20] [stdout] Base Top 20 on total_score: no data
[2026-03-18 10:06:20] [stdout] Merge Top 5 on composite_score: no data
[2026-03-18 10:06:20] [stdout] Merge Top 10 on composite_score: no data
[2026-03-18 10:06:20] [stdout] Merge Top 20 on composite_score: no data
[2026-03-18 10:06:20] [stdout] 
[2026-03-18 10:06:20] [stdout] Wrote detailed evaluation rows to: explosive_play_eval.csv
[2026-03-18 10:06:20] auto_evaluator finished | end_utc=2026-03-18T14:06:20Z | elapsed_seconds=17.605
[2026-03-18 10:06:20] 
[2026-03-18 10:06:20] End-of-run summary
[2026-03-18 10:06:20] Total explosive candidates found: 2
[2026-03-18 10:06:20] Total merged candidates: 2
[2026-03-18 10:06:20] Total historical rows: 227
[2026-03-18 10:06:20] Rows eligible for evaluation: 0
[2026-03-18 10:06:20] Rows skipped due to insufficient forward data: 227
[2026-03-18 10:06:20] Workflow status: success
[2026-03-18 10:06:20] Log file: logs\daily_scan_20260318_100335.log
