[2026-03-16 13:23:28] Starting daily scan workflow
[2026-03-16 13:23:28] RUN: C:\Users\jkers\AppData\Local\Programs\Python\Python313\python.exe explosive_play_scanner.py --output explosive_play_candidates.csv --history explosive_play_historical_scans.csv
[2026-03-16 13:32:13] [stdout] Building universe from Finviz...
[2026-03-16 13:32:13] [stdout] [Info] loading page [####--------------------------] 1/7 
[2026-03-16 13:32:13] [stdout] [Info] loading page [#########---------------------] 2/7 
[2026-03-16 13:32:13] [stdout] [Info] loading page [#############-----------------] 3/7 
[2026-03-16 13:32:13] [stdout] [Info] loading page [#################-------------] 4/7 
[2026-03-16 13:32:13] [stdout] [Info] loading page [#####################---------] 5/7 
[2026-03-16 13:32:13] [stdout] [Info] loading page [##########################----] 6/7 
[2026-03-16 13:32:13] [stdout] Universe size: 100
[2026-03-16 13:32:13] [stdout] [1/100] Scanning AAOI...
[2026-03-16 13:32:13] [stdout] [2/100] Scanning ABTC...
[2026-03-16 13:32:13] [stdout] [3/100] Scanning ACAD...
[2026-03-16 13:32:13] [stdout] [4/100] Scanning ACCO...
[2026-03-16 13:32:13] [stdout] [5/100] Scanning ADBE...
[2026-03-16 13:32:13] [stdout] [6/100] Scanning ADPT...
[2026-03-16 13:32:13] [stdout] [7/100] Scanning AEG...
[2026-03-16 13:32:13] [stdout] [8/100] Scanning AERO...
[2026-03-16 13:32:13] [stdout] [9/100] Scanning AGRO...
[2026-03-16 13:32:13] [stdout] [10/100] Scanning ALK...
[2026-03-16 13:32:13] [stdout] [11/100] Scanning ALM...
[2026-03-16 13:32:13] [stdout] [12/100] Scanning ALOY...
[2026-03-16 13:32:13] [stdout] [13/100] Scanning ARIS...
[2026-03-16 13:32:13] [stdout] [14/100] Scanning AXTI...
[2026-03-16 13:32:13] [stdout] [15/100] Scanning BBW...
[2026-03-16 13:32:13] [stdout] [16/100] Scanning BCRX...
[2026-03-16 13:32:13] [stdout] [17/100] Scanning BETR...
[2026-03-16 13:32:13] [stdout] [18/100] Scanning BLDP...
[2026-03-16 13:32:13] [stdout] [19/100] Scanning BLND...
[2026-03-16 13:32:13] [stdout] [20/100] Scanning BMNR...
[2026-03-16 13:32:13] [stdout] [21/100] Scanning BRCB...
[2026-03-16 13:32:13] [stdout] [22/100] Scanning BW...
[2026-03-16 13:32:13] [stdout] [23/100] Scanning CF...
[2026-03-16 13:32:13] [stdout] [24/100] Scanning CGAU...
[2026-03-16 13:32:13] [stdout] [25/100] Scanning CION...
[2026-03-16 13:32:13] [stdout] [26/100] Scanning COCO...
[2026-03-16 13:32:13] [stdout] [27/100] Scanning CPA...
[2026-03-16 13:32:13] [stdout] [28/100] Scanning CPNG...
[2026-03-16 13:32:13] [stdout] [29/100] Scanning CRCL...
[2026-03-16 13:32:13] [stdout] [30/100] Scanning CSTM...
[2026-03-16 13:32:13] [stdout] [31/100] Scanning CTMX...
[2026-03-16 13:32:13] [stdout] [32/100] Scanning DLTR...
[2026-03-16 13:32:13] [stdout] [33/100] Scanning DSGN...
[2026-03-16 13:32:13] [stdout] [34/100] Scanning E...
[2026-03-16 13:32:13] [stdout] [35/100] Scanning EMBJ...
[2026-03-16 13:32:13] [stdout] [36/100] Scanning ERIC...
[2026-03-16 13:32:13] [stdout] [37/100] Scanning FG...
[2026-03-16 13:32:13] [stdout] [38/100] Scanning FINV...
[2026-03-16 13:32:13] [stdout] [39/100] Scanning FLGT...
[2026-03-16 13:32:13] [stdout] [40/100] Scanning FUTU...
[2026-03-16 13:32:13] [stdout] [41/100] Scanning FWRD...
[2026-03-16 13:32:13] [stdout] [42/100] Scanning GLDD...
[2026-03-16 13:32:13] [stdout] [43/100] Scanning GPCR...
[2026-03-16 13:32:13] [stdout] [44/100] Scanning GPRK...
[2026-03-16 13:32:13] [stdout] [45/100] Scanning GRNT...
[2026-03-16 13:32:13] [stdout] [46/100] Scanning GSIT...
[2026-03-16 13:32:13] [stdout] [47/100] Scanning GTLS...
[2026-03-16 13:32:13] [stdout] [48/100] Scanning HIMX...
[2026-03-16 13:32:13] [stdout] [49/100] Scanning HMC...
[2026-03-16 13:32:13] [stdout] [50/100] Scanning HNRG...
[2026-03-16 13:32:13] [stdout] [51/100] Scanning JD...
[2026-03-16 13:32:13] [stdout] [52/100] Scanning JFR...
[2026-03-16 13:32:13] [stdout] [53/100] Scanning KMTS...
[2026-03-16 13:32:13] [stdout] [54/100] Scanning KNF...
[2026-03-16 13:32:13] [stdout] [55/100] Scanning KRO...
[2026-03-16 13:32:13] [stdout] [56/100] Scanning KYIV...
[2026-03-16 13:32:13] [stdout] [57/100] Scanning LAES...
[2026-03-16 13:32:13] [stdout] [58/100] Scanning LASR...
[2026-03-16 13:32:13] [stdout] [59/100] Scanning LWLG...
[2026-03-16 13:32:13] [stdout] [60/100] Scanning LXU...
[2026-03-16 13:32:13] [stdout] [61/100] Scanning LYG...
[2026-03-16 13:32:13] [stdout] [62/100] Scanning MAIN...
[2026-03-16 13:32:13] [stdout] [63/100] Scanning MAZE...
[2026-03-16 13:32:13] [stdout] [64/100] Scanning MEOH...
[2026-03-16 13:32:13] [stdout] [65/100] Scanning MOS...
[2026-03-16 13:32:13] [stdout] [66/100] Scanning MRVI...
[2026-03-16 13:32:13] [stdout] [67/100] Scanning MSIF...
[2026-03-16 13:32:13] [stdout] [68/100] Scanning MVST...
[2026-03-16 13:32:13] [stdout] [69/100] Scanning NAGE...
[2026-03-16 13:32:13] [stdout] [70/100] Scanning NBIS...
[2026-03-16 13:32:13] [stdout] [71/100] Scanning NBP...
[2026-03-16 13:32:13] [stdout] [72/100] Scanning NESR...
[2026-03-16 13:32:13] [stdout] [73/100] Scanning NEXN...
[2026-03-16 13:32:13] [stdout] [74/100] Scanning NFGC...
[2026-03-16 13:32:13] [stdout] [75/100] Scanning NIO...
[2026-03-16 13:32:13] [stdout] [76/100] Scanning NNE...
[2026-03-16 13:32:13] [stdout] [77/100] Scanning NOK...
[2026-03-16 13:32:13] [stdout] [78/100] Scanning NSA...
[2026-03-16 13:32:13] [stdout] [79/100] Scanning NTSK...
[2026-03-16 13:32:13] [stdout] [80/100] Scanning NVTS...
[2026-03-16 13:32:13] [stdout] [81/100] Scanning OBE...
[2026-03-16 13:32:13] [stdout] [82/100] Scanning OCGN...
[2026-03-16 13:32:13] [stdout] [83/100] Scanning OLLI...
[2026-03-16 13:32:13] [stdout] [84/100] Scanning ORKA...
[2026-03-16 13:32:13] [stdout] [85/100] Scanning PAYC...
[2026-03-16 13:32:13] [stdout] [86/100] Scanning PKST...
[2026-03-16 13:32:13] [stdout] [87/100] Scanning POET...
[2026-03-16 13:32:13] [stdout] [88/100] Scanning PONY...
[2026-03-16 13:32:13] [stdout] [89/100] Scanning PSA...
[2026-03-16 13:32:13] [stdout] [90/100] Scanning PSIX...
[2026-03-16 13:32:13] [stdout] [91/100] Scanning PURR...
[2026-03-16 13:32:13] [stdout] [92/100] Scanning RBRK...
[2026-03-16 13:32:13] [stdout] [93/100] Scanning RLX...
[2026-03-16 13:32:13] [stdout] [94/100] Scanning RPC...
[2026-03-16 13:32:13] [stdout] [95/100] Scanning RPD...
[2026-03-16 13:32:13] [stdout] [96/100] Scanning SAIC...
[2026-03-16 13:32:13] [stdout] [97/100] Scanning SANM...
[2026-03-16 13:32:13] [stdout] [98/100] Scanning SCZM...
[2026-03-16 13:32:13] [stdout] [99/100] Scanning SID...
[2026-03-16 13:32:13] [stdout] [100/100] Scanning SLDB...
[2026-03-16 13:32:13] [stdout] 
[2026-03-16 13:32:13] [stdout] Top candidates:
[2026-03-16 13:32:13] [stdout] 
[2026-03-16 13:32:13] [stdout]  scan_date ticker  price  market_cap  float_shares  rel_volume  dollar_volume  vol_expansion_score  compression_score  breakout_score  trend_score  news_score  short_interest_score  premarket_gap_score  social_score  insider_score  total_score                                                                                                                  reason  repeat_count_30d scan_time_utc  event_intel_score  sec_insider_score  anomaly_score anomaly_label  anomaly_flags  baseline_sample_size event_tags event_intel_reason
[2026-03-16 13:32:13] [stdout] 2026-03-16   BCRX   9.15  2294825728   218183999.0        2.67   120587552.17                 3.00                0.0             3.0          3.0         1.0                   2.0                  0.0           0.0            0.0        15.61 unusual volume, multi-day volume expansion, near breakout, trend improving, elevated news flow, short squeeze potential                 1           NaN                NaN                NaN            NaN           NaN            NaN                   NaN        NaN                NaN
[2026-03-16 13:32:13] [stdout] 2026-03-16   DSGN  10.71   610081856    29203674.0        2.93     6499791.92                 3.00                1.0             1.0          3.0         1.0                   1.0                  0.0           0.0            0.0        14.52                unusual volume, multi-day volume expansion, trend improving, elevated news flow, short squeeze potential                 1           NaN                NaN                NaN            NaN           NaN            NaN                   NaN        NaN                NaN
[2026-03-16 13:32:13] [stdout] 2026-03-16   CTMX   7.85  1330067840   122806774.0       34.96   762911731.38                 3.00                0.0             0.0          3.0         0.0                   1.0                  2.0           0.0            0.0        14.20                      unusual volume, multi-day volume expansion, trend improving, short squeeze potential, gap strength                 1           NaN                NaN                NaN            NaN           NaN            NaN                   NaN        NaN                NaN
[2026-03-16 13:32:13] [stdout] 2026-03-16   MVST   2.38   779434240   199560478.0        3.31    19156106.38                 3.00                0.0             2.0          1.0         0.0                   1.5                  2.0           0.0            0.0        13.48                        unusual volume, multi-day volume expansion, near breakout, short squeeze potential, gap strength                 1           NaN                NaN                NaN            NaN           NaN            NaN                   NaN        NaN                NaN
[2026-03-16 13:32:13] [stdout] 2026-03-16   GSIT   9.71   351368032    30784688.0        2.32    15988359.83                 3.00                0.0             0.0          3.0         2.0                   0.0                  0.0           0.0            0.0        11.38                                         unusual volume, multi-day volume expansion, trend improving, elevated news flow                 1           NaN                NaN                NaN            NaN           NaN            NaN                   NaN        NaN                NaN
[2026-03-16 13:32:13] [stdout] 2026-03-16   LAES   3.24   579620736   121649573.0        4.22    64225294.44                 3.00                0.0             0.0          0.0         3.0                   0.0                  0.0           0.0            0.0        11.06                                                          unusual volume, multi-day volume expansion, elevated news flow                 1           NaN                NaN                NaN            NaN           NaN            NaN                   NaN        NaN                NaN
[2026-03-16 13:32:13] [stdout] 2026-03-16    NBP   2.83   325697184   148834266.0        2.29     4586723.75                 3.00                0.0             0.0          0.0         2.5                   1.5                  1.0           0.0            0.0        10.45                   unusual volume, multi-day volume expansion, elevated news flow, short squeeze potential, gap strength                 1           NaN                NaN                NaN            NaN           NaN            NaN                   NaN        NaN                NaN
[2026-03-16 13:32:13] [stdout] 2026-03-16   NEXN   7.11   396174752    39539465.0        2.07     5382220.33                 2.50                0.0             0.0          3.0         0.5                   1.0                  0.0           0.0            0.0        10.29                                    unusual volume, multi-day volume expansion, trend improving, short squeeze potential                 1           NaN                NaN                NaN            NaN           NaN            NaN                   NaN        NaN                NaN
[2026-03-16 13:32:13] [stdout] 2026-03-16   BRCB  16.55   289268352    16568349.0        1.63    17899337.22                 3.00                0.0             1.0          1.0         0.5                   0.0                  0.0           0.0            0.0         9.95                                                                                              multi-day volume expansion                 1           NaN                NaN                NaN            NaN           NaN            NaN                   NaN        NaN                NaN
[2026-03-16 13:32:13] [stdout] 2026-03-16    JFR   7.26  1169428352           NaN        1.64    10296103.11                 2.93                3.0             0.0          0.0         1.5                   0.0                  0.0           0.0            0.0         9.68                                                     multi-day volume expansion, tight consolidation, elevated news flow                 1           NaN                NaN                NaN            NaN           NaN            NaN                   NaN        NaN                NaN
[2026-03-16 13:32:13] [stdout] 2026-03-16    RLX   2.32  2943758336   447919847.0        2.10    10761766.23                 2.06                2.0             1.0          0.0         1.0                   0.0                  0.0           0.0            0.0         8.99                                     unusual volume, multi-day volume expansion, tight consolidation, elevated news flow                 1           NaN                NaN                NaN            NaN           NaN            NaN                   NaN        NaN                NaN
[2026-03-16 13:32:13] [stdout] 2026-03-16   KYIV  10.50  2424068096           NaN        1.96    16670598.00                 3.00                0.0             0.0          0.0         3.0                   0.0                  0.0           0.0            0.0         8.35                                                                          multi-day volume expansion, elevated news flow                 1           NaN                NaN                NaN            NaN           NaN            NaN                   NaN        NaN                NaN
[2026-03-16 13:32:13] [stdout] 2026-03-16   MRVI   3.13  1152900352    98208463.0        2.13     9128891.12                 3.00                0.0             0.0          0.0         0.0                   1.0                  0.0           0.0            0.0         7.16                                                     unusual volume, multi-day volume expansion, short squeeze potential                 1           NaN                NaN                NaN            NaN           NaN            NaN                   NaN        NaN                NaN
[2026-03-16 13:32:13] [stdout] 2026-03-16   SCZM   8.67   791970880    84744155.0        1.89     8604264.14                 3.00                0.0             0.0          0.0         0.0                   0.0                  0.0           0.0            0.0         5.87                                                                                              multi-day volume expansion                 1           NaN                NaN                NaN            NaN           NaN            NaN                   NaN        NaN                NaN
[2026-03-16 13:32:13] [stdout] 
[2026-03-16 13:32:13] [stdout] Saved ranked results to: explosive_play_candidates.csv
[2026-03-16 13:32:13] [stdout] Appended results to history file: explosive_play_historical_scans.csv
[2026-03-16 13:32:13] [stdout] Event-intel merge: merged event-intel data (rows=27, used_composite=False)
[2026-03-16 13:32:13] RUN: C:\Users\jkers\AppData\Local\Programs\Python\Python313\python.exe event_intel_scanner.py --input-csv explosive_play_candidates.csv --ticker-column ticker --output event_intel_scan.csv --history event_intel_history.csv
[2026-03-16 13:33:06] [stdout] Scanning 14 ticker(s) for event intelligence...
[2026-03-16 13:33:06] [stdout] [1/14] BCRX
[2026-03-16 13:33:06] [stdout] [2/14] BRCB
[2026-03-16 13:33:06] [stdout] [3/14] CTMX
[2026-03-16 13:33:06] [stdout] [4/14] DSGN
[2026-03-16 13:33:06] [stdout] [5/14] GSIT
[2026-03-16 13:33:06] [stdout] [6/14] JFR
[2026-03-16 13:33:06] [stdout] [7/14] KYIV
[2026-03-16 13:33:06] [stdout] [8/14] LAES
[2026-03-16 13:33:06] [stdout] [9/14] MRVI
[2026-03-16 13:33:06] [stdout] [10/14] MVST
[2026-03-16 13:33:06] [stdout] [11/14] NBP
[2026-03-16 13:33:06] [stdout] [12/14] NEXN
[2026-03-16 13:33:06] [stdout] [13/14] RLX
[2026-03-16 13:33:06] [stdout] [14/14] SCZM
[2026-03-16 13:33:06] [stdout] 
[2026-03-16 13:33:06] [stdout] Top event-intel results:
[2026-03-16 13:33:06] [stdout] 
[2026-03-16 13:33:06] [stdout]        scan_time_utc ticker                        company_name  sec_insider_score  congressional_score  procurement_score  ownership_score  event_intel_score  signal_count  days_since_latest_event       confidence_label                                                                     event_tags top_sources                                                                                                                                                  reason  baseline_sample_size  baseline_window_days baseline_event_intel_median baseline_signal_count_median baseline_days_since_latest_event_median  event_intel_score_z  signal_count_z  freshness_z  anomaly_score anomaly_label anomaly_flags                                  anomaly_reason  novel_tag_count  novel_source_count
[2026-03-16 13:33:06] [stdout] 2026-03-16T17:32:47Z   GSIT                  GSI TECHNOLOGY INC               9.09                  0.0                0.0              0.0               3.64             9                      6.0 Insider Activity Watch buy, form4, insider, open_market_sale, option_exercise, parsed, sell, unparsed   SEC EDGAR                                                        meaningful insider filing activity, latest event 6 day(s) ago, insider selling detected for gsit                     0                     0                        None                         None                                    None                  0.0             0.0          0.0            0.0   No Baseline               baseline unavailable: no prior scans for ticker                0                   0
[2026-03-16 13:33:06] [stdout] 2026-03-16T17:33:03Z   MVST            Microvast Holdings, Inc.               8.22                  0.0                0.0              0.0               3.29            10                      3.0 Insider Activity Watch                            buy, form4, insider, open_market_sale, parsed, sell   SEC EDGAR                                                   meaningful insider filing activity, latest event 3 day(s) ago, insider accumulation detected for mvst                     0                     0                        None                         None                                    None                  0.0             0.0          0.0            0.0   No Baseline               baseline unavailable: no prior scans for ticker                0                   0
[2026-03-16 13:33:06] [stdout] 2026-03-16T17:32:25Z   BCRX        BIOCRYST PHARMACEUTICALS INC               7.24                  0.0                0.0              0.0               2.90             6                     13.0 Insider Activity Watch                             buy, form4, insider, option_exercise, parsed, sell   SEC EDGAR                                                       meaningful insider filing activity, latest event 13 day(s) ago, insider selling detected for bcrx                     0                     0                        None                         None                                    None                  0.0             0.0          0.0            0.0   No Baseline               baseline unavailable: no prior scans for ticker                0                   0
[2026-03-16 13:33:06] [stdout] 2026-03-16T17:32:52Z   MRVI MARAVAI LIFESCIENCES HOLDINGS, INC.               5.46                  0.0                0.0              0.0               2.18             2                     55.0       Low Event Signal                                  form4, insider, parsed, sell, tax_withholding   SEC EDGAR                                                                   recent insider filings, latest event 55 day(s) ago, insider selling detected for mrvi                     0                     0                        None                         None                                    None                  0.0             0.0          0.0            0.0   No Baseline               baseline unavailable: no prior scans for ticker                0                   0
[2026-03-16 13:33:06] [stdout] 2026-03-16T17:32:34Z   CTMX           CytomX Therapeutics, Inc.               5.20                  0.0                0.0              0.0               2.08             5                     40.0       Low Event Signal                                                    buy, form4, insider, parsed   SEC EDGAR                                                              recent insider filings, latest event 40 day(s) ago, insider accumulation detected for ctmx                     0                     0                        None                         None                                    None                  0.0             0.0          0.0            0.0   No Baseline               baseline unavailable: no prior scans for ticker                0                   0
[2026-03-16 13:33:06] [stdout] 2026-03-16T17:32:27Z   BRCB         Black Rock Coffee Bar, Inc.               3.75                  0.0                0.0              0.0               1.50             1                      4.0       Low Event Signal                                         administrative, form4, insider, parsed   SEC EDGAR                                                              recent insider filings, latest event 4 day(s) ago, recent insider filing activity for brcb                     0                     0                        None                         None                                    None                  0.0             0.0          0.0            0.0   No Baseline               baseline unavailable: no prior scans for ticker                0                   0
[2026-03-16 13:33:06] [stdout] 2026-03-16T17:32:34Z   DSGN           Design Therapeutics, Inc.               0.00                  0.0                0.0              0.0               0.00             0                      NaN       Low Event Signal                                                                                            no event-intel signals; SEC=recent Form 4 filings found, but no actionable transactions parsed; SAM=SAM_API_KEY not set; Congress=HOUSE_PTR_CSV not set                     0                     0                        None                         None                                    None                  0.0             0.0          0.0            0.0   No Baseline               baseline unavailable: no prior scans for ticker                0                   0
[2026-03-16 13:33:06] [stdout] 2026-03-16T17:32:48Z    JFR    NUVEEN FLOATING RATE INCOME FUND               0.00                  0.0                0.0              0.0               0.00             0                      NaN       Low Event Signal                                                                                            no event-intel signals; SEC=recent Form 4 filings found, but no actionable transactions parsed; SAM=SAM_API_KEY not set; Congress=HOUSE_PTR_CSV not set                     0                     0                        None                         None                                    None                  0.0             0.0          0.0            0.0   No Baseline               baseline unavailable: no prior scans for ticker                0                   0
[2026-03-16 13:33:06] [stdout] 2026-03-16T17:32:49Z   KYIV                 Kyivstar Group Ltd.               0.00                  0.0                0.0              0.0               0.00             0                      NaN       Low Event Signal                                                                                                                                      no event-intel signals; SEC=no recent Form 4 filings; SAM=SAM_API_KEY not set; Congress=HOUSE_PTR_CSV not set                     0                     0                        None                         None                                    None                  0.0             0.0          0.0            0.0   No Baseline               baseline unavailable: no prior scans for ticker                0                   0
[2026-03-16 13:33:06] [stdout] 2026-03-16T17:32:49Z   LAES                         SEALSQ Corp               0.00                  0.0                0.0              0.0               0.00             0                      NaN       Low Event Signal                                                                                                                                      no event-intel signals; SEC=no recent Form 4 filings; SAM=SAM_API_KEY not set; Congress=HOUSE_PTR_CSV not set                     0                     0                        None                         None                                    None                  0.0             0.0          0.0            0.0   No Baseline               baseline unavailable: no prior scans for ticker                0                   0
[2026-03-16 13:33:06] [stdout] 2026-03-16T17:33:04Z    NBP              NovaBridge Biosciences               0.00                  0.0                0.0              0.0               0.00             0                      NaN       Low Event Signal                                                                                                                                      no event-intel signals; SEC=no recent Form 4 filings; SAM=SAM_API_KEY not set; Congress=HOUSE_PTR_CSV not set                     0                     0                        None                         None                                    None                  0.0             0.0          0.0            0.0   No Baseline               baseline unavailable: no prior scans for ticker                0                   0
[2026-03-16 13:33:06] [stdout] 2026-03-16T17:33:04Z   NEXN           Nexxen International Ltd.               0.00                  0.0                0.0              0.0               0.00             0                      NaN       Low Event Signal                                                                                                                                      no event-intel signals; SEC=no recent Form 4 filings; SAM=SAM_API_KEY not set; Congress=HOUSE_PTR_CSV not set                     0                     0                        None                         None                                    None                  0.0             0.0          0.0            0.0   No Baseline               baseline unavailable: no prior scans for ticker                0                   0
[2026-03-16 13:33:06] [stdout] 2026-03-16T17:33:05Z    RLX                 RLX Technology Inc.               0.00                  0.0                0.0              0.0               0.00             0                      NaN       Low Event Signal                                                                                                                                      no event-intel signals; SEC=no recent Form 4 filings; SAM=SAM_API_KEY not set; Congress=HOUSE_PTR_CSV not set                     0                     0                        None                         None                                    None                  0.0             0.0          0.0            0.0   No Baseline               baseline unavailable: no prior scans for ticker                0                   0
[2026-03-16 13:33:06] [stdout] 2026-03-16T17:33:06Z   SCZM        Santacruz Silver Mining Ltd.               0.00                  0.0                0.0              0.0               0.00             0                      NaN       Low Event Signal                                                                                                                                      no event-intel signals; SEC=no recent Form 4 filings; SAM=SAM_API_KEY not set; Congress=HOUSE_PTR_CSV not set                     0                     0                        None                         None                                    None                  0.0             0.0          0.0            0.0   No Baseline               baseline unavailable: no prior scans for ticker                0                   0
[2026-03-16 13:33:06] [stdout] 
[2026-03-16 13:33:06] [stdout] Saved output to: event_intel_scan.csv
[2026-03-16 13:33:06] RUN: C:\Users\jkers\AppData\Local\Programs\Python\Python313\python.exe explosive_play_evaluator.py --explosive-history explosive_play_historical_scans.csv --event-history event_intel_history.csv --output explosive_play_eval.csv --top-n 5,10,20 --auto-evaluate --composite-weights 0.65,0.25,0.10
[2026-03-16 13:33:25] [stdout] 
[2026-03-16 13:33:25] [stdout] Evaluation summary
[2026-03-16 13:33:25] [stdout] Rows: 0 | Date window: min to max
[2026-03-16 13:33:25] [stdout] Total historical scans: 149
[2026-03-16 13:33:25] [stdout] Rows eligible for evaluation: 0
[2026-03-16 13:33:25] [stdout] Rows skipped due to insufficient forward data: 149
[2026-03-16 13:33:25] [stdout] Composite weights: (0.65, 0.25, 0.1)
[2026-03-16 13:33:25] [stdout] Spearman corr base: n/a
[2026-03-16 13:33:25] [stdout] Spearman corr composite: n/a
[2026-03-16 13:33:25] [stdout] 
[2026-03-16 13:33:25] [stdout] Hit-rate / return snapshots:
[2026-03-16 13:33:25] [stdout] Base Top 5 on total_score: no data
[2026-03-16 13:33:25] [stdout] Base Top 10 on total_score: no data
[2026-03-16 13:33:25] [stdout] Base Top 20 on total_score: no data
[2026-03-16 13:33:25] [stdout] Merge Top 5 on composite_score: no data
[2026-03-16 13:33:25] [stdout] Merge Top 10 on composite_score: no data
[2026-03-16 13:33:25] [stdout] Merge Top 20 on composite_score: no data
[2026-03-16 13:33:25] [stdout] 
[2026-03-16 13:33:25] [stdout] Wrote detailed evaluation rows to: explosive_play_eval.csv
[2026-03-16 13:33:25] 
[2026-03-16 13:33:25] End-of-run summary
[2026-03-16 13:33:25] Total explosive candidates found: 14
[2026-03-16 13:33:25] Total merged candidates: 14
[2026-03-16 13:33:25] Total historical rows: 149
[2026-03-16 13:33:25] Rows eligible for evaluation: 0
[2026-03-16 13:33:25] Rows skipped due to insufficient forward data: 149
[2026-03-16 13:33:25] Workflow status: success
[2026-03-16 13:33:25] Log file: logs\daily_scan_20260316_132328.log
