[2026-03-15 18:37:05] Starting daily scan workflow
[2026-03-15 18:37:05] RUN: C:\Users\jkers\AppData\Local\Programs\Python\Python313\python.exe explosive_play_scanner.py --output explosive_play_candidates.csv --history explosive_play_historical_scans.csv
[2026-03-15 18:52:45] [stdout] Building universe from Finviz...
[2026-03-15 18:52:45] [stdout] [Info] loading page [##----------------------------] 1/13 
[2026-03-15 18:52:45] [stdout] [Info] loading page [#####-------------------------] 2/13 
[2026-03-15 18:52:45] [stdout] [Info] loading page [#######-----------------------] 3/13 
[2026-03-15 18:52:45] [stdout] [Info] loading page [#########---------------------] 4/13 
[2026-03-15 18:52:45] [stdout] [Info] loading page [############------------------] 5/13 
[2026-03-15 18:52:45] [stdout] [Info] loading page [##############----------------] 6/13 
[2026-03-15 18:52:45] [stdout] [Info] loading page [################--------------] 7/13 
[2026-03-15 18:52:45] [stdout] [Info] loading page [##################------------] 8/13 
[2026-03-15 18:52:45] [stdout] [Info] loading page [#####################---------] 9/13 
[2026-03-15 18:52:45] [stdout] [Info] loading page [#######################-------] 10/13 
[2026-03-15 18:52:45] [stdout] [Info] loading page [#########################-----] 11/13 
[2026-03-15 18:52:45] [stdout] [Info] loading page [############################--] 12/13 
[2026-03-15 18:52:45] [stdout] Universe size: 100
[2026-03-15 18:52:45] [stdout] [1/100] Scanning AAL...
[2026-03-15 18:52:45] [stdout] [2/100] Scanning AAOI...
[2026-03-15 18:52:45] [stdout] [3/100] Scanning ABTC...
[2026-03-15 18:52:45] [stdout] [4/100] Scanning ABX...
[2026-03-15 18:52:45] [stdout] [5/100] Scanning ACDC...
[2026-03-15 18:52:45] [stdout] [6/100] Scanning ADBE...
[2026-03-15 18:52:45] [stdout] [7/100] Scanning ADPT...
[2026-03-15 18:52:45] [stdout] [8/100] Scanning AERO...
[2026-03-15 18:52:45] [stdout] [9/100] Scanning AHCO...
[2026-03-15 18:52:45] [stdout] [10/100] Scanning AHRT...
[2026-03-15 18:52:45] [stdout] [11/100] Scanning AL...
[2026-03-15 18:52:45] [stdout] [12/100] Scanning ALGN...
[2026-03-15 18:52:45] [stdout] [13/100] Scanning ALH...
[2026-03-15 18:52:45] [stdout] [14/100] Scanning ALK...
[2026-03-15 18:52:45] [stdout] [15/100] Scanning ALOY...
[2026-03-15 18:52:45] [stdout] [16/100] Scanning ANAB...
[2026-03-15 18:52:45] [stdout] [17/100] Scanning ANGX...
[2026-03-15 18:52:45] [stdout] [18/100] Scanning APO...
[2026-03-15 18:52:45] [stdout] [19/100] Scanning ARES...
[2026-03-15 18:52:45] [stdout] [20/100] Scanning ARWR...
[2026-03-15 18:52:45] [stdout] [21/100] Scanning ASTL...
[2026-03-15 18:52:45] [stdout] [22/100] Scanning ATRC...
[2026-03-15 18:52:45] [stdout] [23/100] Scanning ATRO...
[2026-03-15 18:52:45] [stdout] [24/100] Scanning AUR...
[2026-03-15 18:52:45] [stdout] [25/100] Scanning AVO...
[2026-03-15 18:52:45] [stdout] [26/100] Scanning AXIA...
[2026-03-15 18:52:45] [stdout] [27/100] Scanning AZTA...
[2026-03-15 18:52:45] [stdout] [28/100] Scanning BAM...
[2026-03-15 18:52:45] [stdout] [29/100] Scanning BBW...
[2026-03-15 18:52:45] [stdout] [30/100] Scanning BCS...
[2026-03-15 18:52:45] [stdout] [31/100] Scanning BCSF...
[2026-03-15 18:52:45] [stdout] [32/100] Scanning BEP...
[2026-03-15 18:52:45] [stdout] [33/100] Scanning BEPC...
[2026-03-15 18:52:45] [stdout] [34/100] Scanning BETA...
[2026-03-15 18:52:45] [stdout] [35/100] Scanning BETR...
[2026-03-15 18:52:45] [stdout] [36/100] Scanning BGC...
[2026-03-15 18:52:45] [stdout] [37/100] Scanning BKR...
[2026-03-15 18:52:45] [stdout] [38/100] Scanning BLK...
[2026-03-15 18:52:45] [stdout] [39/100] Scanning BLND...
[2026-03-15 18:52:45] [stdout] [40/100] Scanning BMBL...
[2026-03-15 18:52:45] [stdout] [41/100] Scanning BMNR...
[2026-03-15 18:52:45] [stdout] [42/100] Scanning BN...
[2026-03-15 18:52:45] [stdout] [43/100] Scanning BR...
[2026-03-15 18:52:45] [stdout] [44/100] Scanning BRKR...
[2026-03-15 18:52:45] [stdout] [45/100] Scanning BSBR...
[2026-03-15 18:52:45] [stdout] [46/100] Scanning BTI...
[2026-03-15 18:52:45] [stdout] [47/100] Scanning BVN...
[2026-03-15 18:52:45] [stdout] [48/100] Scanning BW...
[2026-03-15 18:52:45] [stdout] [49/100] Scanning BX...
[2026-03-15 18:52:45] [stdout] [50/100] Scanning CAG...
[2026-03-15 18:52:45] [stdout] [51/100] Scanning CAPR...
[2026-03-15 18:52:45] [stdout] [52/100] Scanning CCJ...
[2026-03-15 18:52:45] [stdout] [53/100] Scanning CCO...
[2026-03-15 18:52:45] [stdout] [54/100] Scanning CERS...
[2026-03-15 18:52:45] [stdout] [55/100] Scanning CERT...
[2026-03-15 18:52:45] [stdout] [56/100] Scanning CF...
[2026-03-15 18:52:45] [stdout] [57/100] Scanning CGON...
[2026-03-15 18:52:45] [stdout] [58/100] Scanning CHYM...
[2026-03-15 18:52:45] [stdout] [59/100] Scanning CIG...
[2026-03-15 18:52:45] [stdout] [60/100] Scanning CION...
[2026-03-15 18:52:45] [stdout] [61/100] Scanning CLM...
[2026-03-15 18:52:45] [stdout] [62/100] Scanning CPA...
[2026-03-15 18:52:45] [stdout] [63/100] Scanning CRF...
[2026-03-15 18:52:45] [stdout] [64/100] Scanning CVGW...
[2026-03-15 18:52:45] [stdout] [65/100] Scanning DAKT...
[2026-03-15 18:52:45] [stdout] [66/100] Scanning DEC...
[2026-03-15 18:52:45] [stdout] [67/100] Scanning DHC...
[2026-03-15 18:52:45] [stdout] [68/100] Scanning DKS...
[2026-03-15 18:52:45] [stdout] [69/100] Scanning DNA...
[2026-03-15 18:52:45] [stdout] [70/100] Scanning DNTH...
[2026-03-15 18:52:45] [stdout] [71/100] Scanning DT...
[2026-03-15 18:52:45] [stdout] [72/100] Scanning ECAT...
[2026-03-15 18:52:45] [stdout] [73/100] Scanning ECC...
[2026-03-15 18:52:45] [stdout] [74/100] Scanning ECVT...
[2026-03-15 18:52:45] [stdout] [75/100] Scanning EGY...
[2026-03-15 18:52:45] [stdout] [76/100] Scanning EH...
[2026-03-15 18:52:45] [stdout] [77/100] Scanning EMBJ...
[2026-03-15 18:52:45] [stdout] [78/100] Scanning ENGN...
[2026-03-15 18:52:45] [stdout] [79/100] Scanning EQNR...
[2026-03-15 18:52:45] [stdout] [80/100] Scanning EVR...
[2026-03-15 18:52:45] [stdout] [81/100] Scanning FANG...
[2026-03-15 18:52:45] [stdout] [82/100] Scanning FBP...
[2026-03-15 18:52:45] [stdout] [83/100] Scanning FICO...
[2026-03-15 18:52:45] [stdout] [84/100] Scanning FLGT...
[2026-03-15 18:52:45] [stdout] [85/100] Scanning FLY...
[2026-03-15 18:52:45] [stdout] [86/100] Scanning FOX...
[2026-03-15 18:52:45] [stdout] [87/100] Scanning FOXA...
[2026-03-15 18:52:45] [stdout] [88/100] Scanning FRME...
[2026-03-15 18:52:45] [stdout] [89/100] Scanning FSS...
[2026-03-15 18:52:45] [stdout] [90/100] Scanning FTK...
[2026-03-15 18:52:45] [stdout] [91/100] Scanning FWONK...
[2026-03-15 18:52:45] [stdout] [92/100] Scanning FWRD...
[2026-03-15 18:52:45] [stdout] [93/100] Scanning GAU...
[2026-03-15 18:52:45] [stdout] [94/100] Scanning GBDC...
[2026-03-15 18:52:45] [stdout] [95/100] Scanning GCMG...
[2026-03-15 18:52:45] [stdout] [96/100] Scanning GDOT...
[2026-03-15 18:52:45] [stdout] [97/100] Scanning GENI...
[2026-03-15 18:52:45] [stdout] [98/100] Scanning GEVO...
[2026-03-15 18:52:45] [stdout] [99/100] Scanning GFI...
[2026-03-15 18:52:45] [stdout] [100/100] Scanning GIII...
[2026-03-15 18:52:45] [stdout] 
[2026-03-15 18:52:45] [stdout] Top candidates:
[2026-03-15 18:52:45] [stdout] 
[2026-03-15 18:52:45] [stdout]  scan_date ticker  price  market_cap  float_shares  rel_volume  dollar_volume  vol_expansion_score  compression_score  breakout_score  trend_score  news_score  short_interest_score  premarket_gap_score  social_score  insider_score  total_score                                                                                   reason  repeat_count_30d        scan_time_utc  event_intel_score  sec_insider_score  anomaly_score     anomaly_label  anomaly_flags  baseline_sample_size                                                                            event_tags                                                                                                                                      event_intel_reason
[2026-03-15 18:52:45] [stdout] 2026-03-15    FTK  17.68   531422336    14029568.0        1.89     9768642.17                 3.00                0.0             1.0          2.0         2.0                   2.0                  0.0           0.0            0.0        15.47 multi-day volume expansion, trend improving, elevated news flow, short squeeze potential                 4 2026-03-15T22:27:21Z               2.94               7.36            0.0 Baseline Building            NaN                     1                  buy, form4, insider, open_market_sale, parsed, sell, tax_withholding                                                        meaningful insider filing activity, latest event 13 day(s) ago, insider selling detected for ftk
[2026-03-15 18:52:45] [stdout] 2026-03-15    AVO  12.15   860783360    40103025.0        5.09    33012666.76                 3.00                0.0             0.0          1.0         2.0                   1.0                  0.0           0.0            0.0        15.20  unusual volume, multi-day volume expansion, elevated news flow, short squeeze potential                 4 2026-03-15T22:26:38Z               3.08               7.70            0.0 Baseline Building            NaN                     1                                          buy, form4, insider, open_market_buy, parsed                                                    meaningful insider filing activity, latest event 6 day(s) ago, insider accumulation detected for avo
[2026-03-15 18:52:45] [stdout] 2026-03-15    ABX   9.80   957977984    43884579.0        1.80    11379662.22                 3.00                0.0             0.0          3.0         1.0                   3.0                  0.0           0.0            0.0        14.16 multi-day volume expansion, trend improving, elevated news flow, short squeeze potential                 4 2026-03-15T22:25:38Z               2.47               6.17            0.0 Baseline Building            NaN                     1                  buy, form4, insider, open_market_buy, open_market_sale, parsed, sell                                                        meaningful insider filing activity, latest event 25 day(s) ago, insider selling detected for abx
[2026-03-15 18:52:45] [stdout] 2026-03-15    BGC   9.57  4538687488   361918846.0        2.09    47748948.85                 3.00                1.0             1.0          3.0         2.0                   0.0                  0.0           0.0            0.0        13.51          unusual volume, multi-day volume expansion, trend improving, elevated news flow                 4 2026-03-15T22:26:42Z               3.18               7.96            0.0 Baseline Building            NaN                     1                                        form4, insider, open_market_sale, parsed, sell                                                         meaningful insider filing activity, latest event 6 day(s) ago, insider selling detected for bgc
[2026-03-15 18:52:45] [stdout] 2026-03-15   ACDC   6.35  1148531968    32661624.0        1.93    17500085.39                 3.00                0.0             0.0          3.0         2.0                   1.0                  0.0           0.0            0.0        13.11 multi-day volume expansion, trend improving, elevated news flow, short squeeze potential                 4 2026-03-15T22:25:44Z               3.38               8.45            0.0 Baseline Building            NaN                     1                                                           buy, form4, insider, parsed                                                   meaningful insider filing activity, latest event 4 day(s) ago, insider accumulation detected for acdc
[2026-03-15 18:52:45] [stdout] 2026-03-15    ALH  19.75  4005831936    45442270.0        2.80    35095513.00                 3.00                0.0             0.0          1.0         2.0                   1.5                  0.0           0.0            0.0        13.06  unusual volume, multi-day volume expansion, elevated news flow, short squeeze potential                 4 2026-03-15T22:26:14Z               1.90               4.75            0.0 Baseline Building            NaN                     1                        form4, insider, option_exercise, parsed, sell, tax_withholding                                                                    recent insider filings, latest event 53 day(s) ago, insider selling detected for alh
[2026-03-15 18:52:45] [stdout] 2026-03-15   BMBL   3.77   599236544    68367169.0        2.00    37845623.60                 3.00                0.0             0.0          2.0         2.0                   1.5                  0.0           0.0            0.0        11.90 multi-day volume expansion, trend improving, elevated news flow, short squeeze potential                 4 2026-03-15T22:26:52Z               3.18               7.96            0.0 Baseline Building            NaN                     1                                         form4, insider, parsed, sell, tax_withholding                                                        meaningful insider filing activity, latest event 3 day(s) ago, insider selling detected for bmbl
[2026-03-15 18:52:45] [stdout] 2026-03-15   FWRD  15.80   493722112    22694444.0        1.67    22124171.47                 3.00                0.0             0.0          0.0         2.0                   2.0                  0.0           0.0            0.0        11.40                  multi-day volume expansion, elevated news flow, short squeeze potential                 4 2026-03-15T22:27:34Z               2.60               6.50            0.0 Baseline Building            NaN                     1 buy, form4, insider, open_market_buy, open_market_sale, parsed, sell, tax_withholding                                                  meaningful insider filing activity, latest event 20 day(s) ago, insider accumulation detected for fwrd
[2026-03-15 18:52:45] [stdout] 2026-03-15     BW  10.51  1370998016    93418315.0        2.49   112195955.06                 3.00                0.0             0.0          2.0         2.0                   0.0                  0.0           0.0            0.0        10.99          unusual volume, multi-day volume expansion, trend improving, elevated news flow                 4 2026-03-15T22:26:57Z               3.77               9.43            0.0 Baseline Building            NaN                     1      form4, insider, open_market_sale, option_exercise, parsed, sell, tax_withholding                                                          meaningful insider filing activity, latest event 6 day(s) ago, insider selling detected for bw
[2026-03-15 18:52:45] [stdout] 2026-03-15   GDOT  10.53   584926912    46908976.0        2.84    14892557.56                 3.00                0.0             0.0          0.0         2.0                   0.0                  0.0           0.0            0.0        10.81                           unusual volume, multi-day volume expansion, elevated news flow                 4 2026-03-15T22:27:41Z               3.77               9.43            0.0 Baseline Building            NaN                     1                                         form4, insider, parsed, sell, tax_withholding                                                        meaningful insider filing activity, latest event 6 day(s) ago, insider selling detected for gdot
[2026-03-15 18:52:45] [stdout] 2026-03-15     EH  11.85   853020544   106927501.0        2.23    13404507.13                 3.00                0.0             0.0          0.0         2.0                   1.5                  0.0           0.0            0.0        10.58  unusual volume, multi-day volume expansion, elevated news flow, short squeeze potential                 4 2026-03-15T22:27:10Z               0.00               0.00            0.0 Baseline Building            NaN                     1                                                                                   NaN                                           no event-intel signals; SEC=no recent Form 4 filings; SAM=SAM_API_KEY not set; Congress=HOUSE_PTR_CSV not set
[2026-03-15 18:52:45] [stdout] 2026-03-15   CERS   1.69   324770304   171815020.0        2.37     8043210.51                 3.00                0.0             0.0          0.0         2.0                   1.0                  0.0           0.0            0.0        10.24  unusual volume, multi-day volume expansion, elevated news flow, short squeeze potential                 4 2026-03-15T22:27:07Z               3.77               9.43            0.0 Baseline Building            NaN                     1                                   buy, form4, insider, open_market_sale, parsed, sell                                                        meaningful insider filing activity, latest event 5 day(s) ago, insider selling detected for cers
[2026-03-15 18:52:45] [stdout] 2026-03-15    GAU   2.56   665063488   244836899.0        2.50    25473113.03                 3.00                0.0             0.0          1.0         2.0                   0.0                  0.0           0.0            0.0        10.21                           unusual volume, multi-day volume expansion, elevated news flow                 4 2026-03-15T22:27:35Z               0.00               0.00            0.0 Baseline Building            NaN                     1                                                                                   NaN                                           no event-intel signals; SEC=no recent Form 4 filings; SAM=SAM_API_KEY not set; Congress=HOUSE_PTR_CSV not set
[2026-03-15 18:52:45] [stdout] 2026-03-15   ANGX   3.70   623942400    87255564.0        2.26     6049407.58                 3.00                0.0             0.0          0.0         2.0                   1.0                  0.0           0.0            0.0        10.12  unusual volume, multi-day volume expansion, elevated news flow, short squeeze potential                 4 2026-03-15T22:26:28Z               2.81               7.03            0.0 Baseline Building            NaN                     1        administrative, form4, insider, option_exercise, parsed, sell, tax_withholding                                                        meaningful insider filing activity, latest event 6 day(s) ago, insider selling detected for angx
[2026-03-15 18:52:45] [stdout] 2026-03-15   CION   6.55   341168576           NaN        2.94    11726321.24                 3.00                0.0             0.0          0.0         2.0                   0.0                  0.0           0.0            0.0         9.93                           unusual volume, multi-day volume expansion, elevated news flow                 4 2026-03-15T22:27:09Z               0.00               0.00            0.0 Baseline Building            NaN                     1                                                                                   NaN no event-intel signals; SEC=recent Form 4 filings found, but no actionable transactions parsed; SAM=SAM_API_KEY not set; Congress=HOUSE_PTR_CSV not set
[2026-03-15 18:52:45] [stdout] 2026-03-15   AERO  13.43  1959482752   198606000.0        2.92    24254285.09                 3.00                0.0             0.0          0.0         2.0                   0.0                  0.0           0.0            0.0         9.91                           unusual volume, multi-day volume expansion, elevated news flow                 4 2026-03-15T22:26:12Z               0.00               0.00            0.0 Baseline Building            NaN                     1                                                                                   NaN                                           no event-intel signals; SEC=no recent Form 4 filings; SAM=SAM_API_KEY not set; Congress=HOUSE_PTR_CSV not set
[2026-03-15 18:52:45] [stdout] 2026-03-15   ASTL   3.46   363070944    71139871.0        1.75     9555963.05                 3.00                0.0             0.0          1.0         2.0                   0.0                  0.0           0.0            0.0         9.30                                           multi-day volume expansion, elevated news flow                 4 2026-03-15T22:26:28Z               0.00               0.00            0.0 Baseline Building            NaN                     1                                                                                   NaN                                           no event-intel signals; SEC=no recent Form 4 filings; SAM=SAM_API_KEY not set; Congress=HOUSE_PTR_CSV not set
[2026-03-15 18:52:45] [stdout] 2026-03-15    AUR   4.08  7951157760  1247259963.0        1.84   139497857.55                 1.88                0.0             0.0          1.0         2.0                   1.0                  0.0           0.0            0.0         9.07                  multi-day volume expansion, elevated news flow, short squeeze potential                 4 2026-03-15T22:26:32Z               3.57               8.93            0.0 Baseline Building            NaN                     1                                    buy, form4, insider, parsed, sell, tax_withholding                                                    meaningful insider filing activity, latest event 2 day(s) ago, insider accumulation detected for aur
[2026-03-15 18:52:45] [stdout] 2026-03-15    CIG   2.20  6963773952  2373107263.0        1.79    22990152.30                 1.05                1.0             0.0          2.0         2.0                   0.0                  0.0           0.0            0.0         8.80                                                      trend improving, elevated news flow                 4 2026-03-15T22:27:08Z               0.00               0.00            0.0 Baseline Building            NaN                     1                                                                                   NaN                                           no event-intel signals; SEC=no recent Form 4 filings; SAM=SAM_API_KEY not set; Congress=HOUSE_PTR_CSV not set
[2026-03-15 18:52:45] [stdout] 2026-03-15   ADPT  13.17  2027937280   116831970.0        2.04    51396359.91                 2.82                0.0             0.0          0.0         2.0                   0.0                  0.0           0.0            0.0         8.63                           unusual volume, multi-day volume expansion, elevated news flow                 4 2026-03-15T22:26:12Z               4.00              10.00            0.0 Baseline Building            NaN                     1        buy, form4, insider, open_market_sale, option_exercise, parsed, sell, unparsed                                                        meaningful insider filing activity, latest event 2 day(s) ago, insider selling detected for adpt
[2026-03-15 18:52:45] [stdout] 2026-03-15   AXIA  10.94 24602419200  1527753972.0        1.63    42400987.81                 2.05                1.0             0.0          2.0         0.5                   0.0                  0.0           0.0            0.0         8.61                                              multi-day volume expansion, trend improving                 4 2026-03-15T22:26:38Z               0.00               0.00            0.0 Baseline Building            NaN                     1                                                                                   NaN                                           no event-intel signals; SEC=no recent Form 4 filings; SAM=SAM_API_KEY not set; Congress=HOUSE_PTR_CSV not set
[2026-03-15 18:52:45] [stdout] 2026-03-15   ALOY  11.98   684477312    53935198.0        2.46    32151739.10                 2.20                0.0             0.0          1.0         0.5                   0.0                  0.0           0.0            0.0         8.00                                               unusual volume, multi-day volume expansion                 4 2026-03-15T22:26:20Z               0.78               1.95            0.0 Baseline Building            NaN                     1                                                              form4, insider, unparsed                                                                       recent insider filings, latest event 10 day(s) ago, recent form 4 filing for aloy
[2026-03-15 18:52:45] [stdout] 2026-03-15    EGY   5.39   561952000   101526440.0        1.60    12182402.24                 0.44                0.0             0.0          3.0         2.0                   0.0                  0.0           0.0            0.0         7.64                                                      trend improving, elevated news flow                 4 2026-03-15T22:27:09Z               0.00               0.00            0.0 Baseline Building            NaN                     1                                                                                   NaN no event-intel signals; SEC=recent Form 4 filings found, but no actionable transactions parsed; SAM=SAM_API_KEY not set; Congress=HOUSE_PTR_CSV not set
[2026-03-15 18:52:45] [stdout] 2026-03-15   ABTC   1.04   964709184   191049525.0        1.53    25198506.44                 2.11                0.0             0.0          0.0         2.0                   0.0                  0.0           0.0            0.0         7.17                                           multi-day volume expansion, elevated news flow                 4 2026-03-15T22:25:33Z               3.20               8.00            0.0 Baseline Building            NaN                     1                                          buy, form4, insider, open_market_buy, parsed                                                   meaningful insider filing activity, latest event 6 day(s) ago, insider accumulation detected for abtc
[2026-03-15 18:52:45] [stdout] 2026-03-15   BSBR   5.72 43529801728  3735623127.0        2.28    12848486.61                 1.31                0.0             0.0          0.0         2.0                   0.0                  0.0           0.0            0.0         7.10                                                       unusual volume, elevated news flow                 4 2026-03-15T22:26:52Z               0.00               0.00            0.0 Baseline Building            NaN                     1                                                                                   NaN                                           no event-intel signals; SEC=no recent Form 4 filings; SAM=SAM_API_KEY not set; Congress=HOUSE_PTR_CSV not set
[2026-03-15 18:52:45] [stdout] 
[2026-03-15 18:52:45] [stdout] Saved ranked results to: explosive_play_candidates.csv
[2026-03-15 18:52:45] [stdout] Appended results to history file: explosive_play_historical_scans.csv
[2026-03-15 18:52:45] [stdout] Event-intel merge: merged event-intel data (rows=27, used_composite=False)
[2026-03-15 18:52:45] RUN: C:\Users\jkers\AppData\Local\Programs\Python\Python313\python.exe event_intel_scanner.py --input-csv explosive_play_candidates.csv --ticker-column ticker --output event_intel_scan.csv --history event_intel_history.csv
[2026-03-15 18:55:03] [stdout] Scanning 27 ticker(s) for event intelligence...
[2026-03-15 18:55:03] [stdout] [1/27] ABTC
[2026-03-15 18:55:03] [stdout] [2/27] ABX
[2026-03-15 18:55:03] [stdout] [3/27] ACDC
[2026-03-15 18:55:03] [stdout] [4/27] ADPT
[2026-03-15 18:55:03] [stdout] [5/27] AERO
[2026-03-15 18:55:03] [stdout] [6/27] ALH
[2026-03-15 18:55:03] [stdout] [7/27] ALOY
[2026-03-15 18:55:03] [stdout] [8/27] ANGX
[2026-03-15 18:55:03] [stdout] [9/27] ASTL
[2026-03-15 18:55:03] [stdout] [10/27] AUR
[2026-03-15 18:55:03] [stdout] [11/27] AVO
[2026-03-15 18:55:03] [stdout] [12/27] AXIA
[2026-03-15 18:55:03] [stdout] [13/27] BGC
[2026-03-15 18:55:03] [stdout] [14/27] BLND
[2026-03-15 18:55:03] [stdout] [15/27] BMBL
[2026-03-15 18:55:03] [stdout] [16/27] BSBR
[2026-03-15 18:55:03] [stdout] [17/27] BW
[2026-03-15 18:55:03] [stdout] [18/27] CERS
[2026-03-15 18:55:03] [stdout] [19/27] CIG
[2026-03-15 18:55:03] [stdout] [20/27] CION
[2026-03-15 18:55:03] [stdout] [21/27] EGY
[2026-03-15 18:55:03] [stdout] [22/27] EH
[2026-03-15 18:55:03] [stdout] [23/27] ENGN
[2026-03-15 18:55:03] [stdout] [24/27] FTK
[2026-03-15 18:55:03] [stdout] [25/27] FWRD
[2026-03-15 18:55:03] [stdout] [26/27] GAU
[2026-03-15 18:55:03] [stdout] [27/27] GDOT
[2026-03-15 18:55:03] [stdout] 
[2026-03-15 18:55:03] [stdout] Top event-intel results:
[2026-03-15 18:55:03] [stdout] 
[2026-03-15 18:55:03] [stdout]        scan_time_utc ticker                       company_name  sec_insider_score  congressional_score  procurement_score  ownership_score  event_intel_score  signal_count  days_since_latest_event       confidence_label                                                                            event_tags top_sources                                                                                                        reason  baseline_sample_size  baseline_window_days  baseline_event_intel_median  baseline_signal_count_median  baseline_days_since_latest_event_median  event_intel_score_z  signal_count_z  freshness_z  anomaly_score     anomaly_label anomaly_flags                               anomaly_reason  novel_tag_count  novel_source_count
[2026-03-15 18:55:03] [stdout] 2026-03-15T22:53:33Z   ADPT      Adaptive Biotechnologies Corp              10.00                  0.0                0.0              0.0               4.00            30                      2.0 Insider Activity Watch        buy, form4, insider, open_market_sale, option_exercise, parsed, sell, unparsed   SEC EDGAR              meaningful insider filing activity, latest event 2 day(s) ago, insider selling detected for adpt                     2                     0                         4.00                          30.0                                      2.0                  0.0             0.0          0.0            0.0 Baseline Building               baseline still building from 2 prior scan(s)                0                   0
[2026-03-15 18:55:03] [stdout] 2026-03-15T22:54:18Z     BW Babcock & Wilcox Enterprises, Inc.               9.43                  0.0                0.0              0.0               3.77             4                      6.0 Insider Activity Watch      form4, insider, open_market_sale, option_exercise, parsed, sell, tax_withholding   SEC EDGAR                meaningful insider filing activity, latest event 6 day(s) ago, insider selling detected for bw                     2                     0                         3.77                           4.0                                      6.0                  0.0             0.0          0.0            0.0 Baseline Building               baseline still building from 2 prior scan(s)                0                   0
[2026-03-15 18:55:03] [stdout] 2026-03-15T22:54:29Z   CERS                         CERUS CORP               9.43                  0.0                0.0              0.0               3.77            14                      5.0 Insider Activity Watch                                   buy, form4, insider, open_market_sale, parsed, sell   SEC EDGAR              meaningful insider filing activity, latest event 5 day(s) ago, insider selling detected for cers                     2                     0                         3.77                          14.0                                      5.0                  0.0             0.0          0.0            0.0 Baseline Building               baseline still building from 2 prior scan(s)                0                   0
[2026-03-15 18:55:03] [stdout] 2026-03-15T22:55:03Z   GDOT                     GREEN DOT CORP               9.43                  0.0                0.0              0.0               3.77             4                      6.0 Insider Activity Watch                                         form4, insider, parsed, sell, tax_withholding   SEC EDGAR              meaningful insider filing activity, latest event 6 day(s) ago, insider selling detected for gdot                     2                     0                         3.77                           4.0                                      6.0                  0.0             0.0          0.0            0.0 Baseline Building               baseline still building from 2 prior scan(s)                0                   0
[2026-03-15 18:55:03] [stdout] 2026-03-15T22:53:54Z    AUR            Aurora Innovation, Inc.               8.93                  0.0                0.0              0.0               3.57             4                      2.0 Insider Activity Watch                                    buy, form4, insider, parsed, sell, tax_withholding   SEC EDGAR          meaningful insider filing activity, latest event 2 day(s) ago, insider accumulation detected for aur                     2                     0                         3.57                           4.0                                      2.0                  0.0             0.0          0.0            0.0 Baseline Building               baseline still building from 2 prior scan(s)                0                   0
[2026-03-15 18:55:03] [stdout] 2026-03-15T22:53:06Z   ACDC              ProFrac Holding Corp.               8.45                  0.0                0.0              0.0               3.38             5                      4.0 Insider Activity Watch                                                           buy, form4, insider, parsed   SEC EDGAR         meaningful insider filing activity, latest event 4 day(s) ago, insider accumulation detected for acdc                     2                     0                         3.38                           5.0                                      4.0                  0.0             0.0          0.0            0.0 Baseline Building               baseline still building from 2 prior scan(s)                0                   0
[2026-03-15 18:55:03] [stdout] 2026-03-15T22:52:54Z   ABTC             American Bitcoin Corp.               8.00                  0.0                0.0              0.0               3.20             7                      6.0 Insider Activity Watch                                          buy, form4, insider, open_market_buy, parsed   SEC EDGAR         meaningful insider filing activity, latest event 6 day(s) ago, insider accumulation detected for abtc                     2                     0                         3.20                           7.0                                      6.0                  0.0             0.0          0.0            0.0 Baseline Building               baseline still building from 2 prior scan(s)                0                   0
[2026-03-15 18:55:03] [stdout] 2026-03-15T22:54:03Z    BGC                    BGC Group, Inc.               7.96                  0.0                0.0              0.0               3.18             2                      6.0 Insider Activity Watch                                        form4, insider, open_market_sale, parsed, sell   SEC EDGAR               meaningful insider filing activity, latest event 6 day(s) ago, insider selling detected for bgc                     2                     0                         3.18                           2.0                                      6.0                  0.0             0.0          0.0            0.0 Baseline Building               baseline still building from 2 prior scan(s)                0                   0
[2026-03-15 18:55:03] [stdout] 2026-03-15T22:54:13Z   BMBL                        Bumble Inc.               7.96                  0.0                0.0              0.0               3.18             2                      3.0 Insider Activity Watch                                         form4, insider, parsed, sell, tax_withholding   SEC EDGAR              meaningful insider filing activity, latest event 3 day(s) ago, insider selling detected for bmbl                     2                     0                         3.18                           2.0                                      3.0                  0.0             0.0          0.0            0.0 Baseline Building               baseline still building from 2 prior scan(s)                0                   0
[2026-03-15 18:55:03] [stdout] 2026-03-15T22:53:59Z    AVO              Mission Produce, Inc.               7.70                  0.0                0.0              0.0               3.08             5                      6.0 Insider Activity Watch                                          buy, form4, insider, open_market_buy, parsed   SEC EDGAR          meaningful insider filing activity, latest event 6 day(s) ago, insider accumulation detected for avo                     2                     0                         3.08                           5.0                                      6.0                  0.0             0.0          0.0            0.0 Baseline Building               baseline still building from 2 prior scan(s)                0                   0
[2026-03-15 18:55:03] [stdout] 2026-03-15T22:54:11Z   BLND                   Blend Labs, Inc.               7.47                  0.0                0.0              0.0               2.99             8                     17.0 Insider Activity Watch buy, form4, insider, open_market_sale, option_exercise, parsed, sell, tax_withholding   SEC EDGAR             meaningful insider filing activity, latest event 17 day(s) ago, insider selling detected for blnd                     2                     0                         2.99                           8.0                                     17.0                  0.0             0.0          0.0            0.0 Baseline Building               baseline still building from 2 prior scan(s)                0                   0
[2026-03-15 18:55:03] [stdout] 2026-03-15T22:54:43Z    FTK          FLOTEK INDUSTRIES INC/CN/               7.36                  0.0                0.0              0.0               2.94             4                     13.0 Insider Activity Watch                  buy, form4, insider, open_market_sale, parsed, sell, tax_withholding   SEC EDGAR              meaningful insider filing activity, latest event 13 day(s) ago, insider selling detected for ftk                     2                     0                         2.94                           4.0                                     13.0                  0.0             0.0          0.0            0.0 Baseline Building               baseline still building from 2 prior scan(s)                0                   0
[2026-03-15 18:55:03] [stdout] 2026-03-15T22:53:49Z   ANGX                Angel Studios, Inc.               7.03                  0.0                0.0              0.0               2.81             8                      6.0 Insider Activity Watch        administrative, form4, insider, option_exercise, parsed, sell, tax_withholding   SEC EDGAR              meaningful insider filing activity, latest event 6 day(s) ago, insider selling detected for angx                     2                     0                         2.81                           8.0                                      6.0                  0.0             0.0          0.0            0.0 Baseline Building               baseline still building from 2 prior scan(s)                0                   0
[2026-03-15 18:55:03] [stdout] 2026-03-15T22:54:56Z   FWRD                   FORWARD AIR CORP               6.50                  0.0                0.0              0.0               2.60            14                     20.0 Insider Activity Watch buy, form4, insider, open_market_buy, open_market_sale, parsed, sell, tax_withholding   SEC EDGAR        meaningful insider filing activity, latest event 20 day(s) ago, insider accumulation detected for fwrd                     2                     0                         2.60                          14.0                                     20.0                  0.0             0.0          0.0            0.0 Baseline Building               baseline still building from 2 prior scan(s)                0                   0
[2026-03-15 18:55:03] [stdout] 2026-03-15T22:53:00Z    ABX     Abacus Global Management, Inc.               6.17                  0.0                0.0              0.0               2.47             9                     25.0 Insider Activity Watch                  buy, form4, insider, open_market_buy, open_market_sale, parsed, sell   SEC EDGAR              meaningful insider filing activity, latest event 25 day(s) ago, insider selling detected for abx                     2                     0                         2.47                           9.0                                     25.0                  0.0             0.0          0.0            0.0 Baseline Building               baseline still building from 2 prior scan(s)                0                   0
[2026-03-15 18:55:03] [stdout] 2026-03-15T22:54:39Z   ENGN               enGene Holdings Inc.               5.20                  0.0                0.0              0.0               2.08             8                     40.0       Low Event Signal                                                           buy, form4, insider, parsed   SEC EDGAR                    recent insider filings, latest event 40 day(s) ago, insider accumulation detected for engn                     2                     0                         2.08                           8.0                                     40.0                  0.0             0.0          0.0            0.0 Baseline Building               baseline still building from 2 prior scan(s)                0                   0
[2026-03-15 18:55:03] [stdout] 2026-03-15T22:53:36Z    ALH     Alliance Laundry Holdings Inc.               4.75                  0.0                0.0              0.0               1.90             1                     53.0       Low Event Signal                        form4, insider, option_exercise, parsed, sell, tax_withholding   SEC EDGAR                          recent insider filings, latest event 53 day(s) ago, insider selling detected for alh                     2                     0                         1.90                           1.0                                     53.0                  0.0             0.0          0.0            0.0 Baseline Building               baseline still building from 2 prior scan(s)                0                   0
[2026-03-15 18:55:03] [stdout] 2026-03-15T22:53:42Z   ALOY                      REALLOYS INC.               1.95                  0.0                0.0              0.0               0.78             6                     10.0       Low Event Signal                                                              form4, insider, unparsed   SEC EDGAR                             recent insider filings, latest event 10 day(s) ago, recent form 4 filing for aloy                     2                     0                         0.78                           6.0                                     10.0                  0.0             0.0          0.0            0.0 Baseline Building               baseline still building from 2 prior scan(s)                0                   0
[2026-03-15 18:55:03] [stdout] 2026-03-15T22:53:34Z   AERO   Grupo Aeromexico, S.A.B. de C.V.               0.00                  0.0                0.0              0.0               0.00             0                      NaN       Low Event Signal                                                                                                   no event-intel signals; SEC=no recent Form 4 filings; SAM=SAM_API_KEY not set; Congress=HOUSE_PTR_CSV not set                     2                     0                         0.00                           0.0                                      NaN                  0.0             0.0          0.0            0.0 Baseline Building               baseline still building from 2 prior scan(s)                0                   0
[2026-03-15 18:55:03] [stdout] 2026-03-15T22:53:50Z   ASTL            Algoma Steel Group Inc.               0.00                  0.0                0.0              0.0               0.00             0                      NaN       Low Event Signal                                                                                                   no event-intel signals; SEC=no recent Form 4 filings; SAM=SAM_API_KEY not set; Congress=HOUSE_PTR_CSV not set                     2                     0                         0.00                           0.0                                      NaN                  0.0             0.0          0.0            0.0 Baseline Building               baseline still building from 2 prior scan(s)                0                   0
[2026-03-15 18:55:03] [stdout] 
[2026-03-15 18:55:03] [stdout] Saved output to: event_intel_scan.csv
[2026-03-15 18:55:03] RUN: C:\Users\jkers\AppData\Local\Programs\Python\Python313\python.exe explosive_play_evaluator.py --explosive-history explosive_play_historical_scans.csv --event-history event_intel_history.csv --output explosive_play_eval.csv --top-n 5,10,20 --auto-evaluate --composite-weights 0.65,0.25,0.10
[2026-03-15 18:55:11] [stdout] 
[2026-03-15 18:55:11] [stdout] Evaluation summary
[2026-03-15 18:55:11] [stdout] Rows: 0 | Date window: min to max
[2026-03-15 18:55:11] [stdout] Total historical scans: 108
[2026-03-15 18:55:11] [stdout] Rows eligible for evaluation: 0
[2026-03-15 18:55:11] [stdout] Rows skipped due to insufficient forward data: 108
[2026-03-15 18:55:11] [stdout] Composite weights: (0.65, 0.25, 0.1)
[2026-03-15 18:55:11] [stdout] Spearman corr base: n/a
[2026-03-15 18:55:11] [stdout] Spearman corr composite: n/a
[2026-03-15 18:55:11] [stdout] 
[2026-03-15 18:55:11] [stdout] Hit-rate / return snapshots:
[2026-03-15 18:55:11] [stdout] Base Top 5 on total_score: no data
[2026-03-15 18:55:11] [stdout] Base Top 10 on total_score: no data
[2026-03-15 18:55:11] [stdout] Base Top 20 on total_score: no data
[2026-03-15 18:55:11] [stdout] Merge Top 5 on composite_score: no data
[2026-03-15 18:55:11] [stdout] Merge Top 10 on composite_score: no data
[2026-03-15 18:55:11] [stdout] Merge Top 20 on composite_score: no data
[2026-03-15 18:55:11] [stdout] 
[2026-03-15 18:55:11] [stdout] Wrote detailed evaluation rows to: explosive_play_eval.csv
[2026-03-15 18:55:11] 
[2026-03-15 18:55:11] End-of-run summary
[2026-03-15 18:55:11] Total explosive candidates found: 27
[2026-03-15 18:55:11] Total merged candidates: 27
[2026-03-15 18:55:11] Total historical rows: 108
[2026-03-15 18:55:11] Rows eligible for evaluation: 0
[2026-03-15 18:55:11] Rows skipped due to insufficient forward data: 108
[2026-03-15 18:55:11] Workflow status: success
[2026-03-15 18:55:11] Log file: logs\daily_scan_20260315_183705.log
