[2026-03-17 14:55:37] Starting daily scan workflow
[2026-03-17 14:55:37] explosive_scanner started | start_utc=2026-03-17T18:55:37Z
[2026-03-17 14:55:37] RUN: C:\Users\jkers\AppData\Local\Programs\Python\Python313\python.exe explosive_play_scanner.py --output explosive_play_candidates.csv --history explosive_play_historical_scans.csv
[2026-03-17 15:07:41] [stdout] Building universe from Finviz...
[2026-03-17 15:07:41] [stdout] [Info] loading page [######------------------------] 1/5 
[2026-03-17 15:07:41] [stdout] [Info] loading page [############------------------] 2/5 
[2026-03-17 15:07:41] [stdout] [Info] loading page [##################------------] 3/5 
[2026-03-17 15:07:41] [stdout] [Info] loading page [########################------] 4/5 
[2026-03-17 15:07:41] [stdout] Universe size: 94
[2026-03-17 15:07:41] [stdout] [1/94] Scanning AAOI...
[2026-03-17 15:07:41] [stdout] [2/94] Scanning ABSI...
[2026-03-17 15:07:41] [stdout] [3/94] Scanning AEG...
[2026-03-17 15:07:41] [stdout] [4/94] Scanning AGRO...
[2026-03-17 15:07:41] [stdout] [5/94] Scanning ALM...
[2026-03-17 15:07:41] [stdout] [6/94] Scanning ALOY...
[2026-03-17 15:07:41] [stdout] [7/94] Scanning ASO...
[2026-03-17 15:07:41] [stdout] [8/94] Scanning ATAT...
[2026-03-17 15:07:41] [stdout] [9/94] Scanning AUNA...
[2026-03-17 15:07:41] [stdout] [10/94] Scanning BAK...
[2026-03-17 15:07:41] [stdout] [11/94] Scanning BBAR...
[2026-03-17 15:07:41] [stdout] [12/94] Scanning BETA...
[2026-03-17 15:07:41] [stdout] [13/94] Scanning BMBL...
[2026-03-17 15:07:41] [stdout] [14/94] Scanning BORR...
[2026-03-17 15:07:41] [stdout] [15/94] Scanning BP...
[2026-03-17 15:07:41] [stdout] [16/94] Scanning BTSG...
[2026-03-17 15:07:41] [stdout] [17/94] Scanning BW...
[2026-03-17 15:07:41] [stdout] [18/94] Scanning BWLP...
[2026-03-17 15:07:41] [stdout] [19/94] Scanning CADL...
[2026-03-17 15:07:41] [stdout] [20/94] Scanning CARS...
[2026-03-17 15:07:41] [stdout] [21/94] Scanning CC...
[2026-03-17 15:07:41] [stdout] [22/94] Scanning CHYM...
[2026-03-17 15:07:41] [stdout] [23/94] Scanning CION...
[2026-03-17 15:07:41] [stdout] [24/94] Scanning CNI...
[2026-03-17 15:07:41] [stdout] [25/94] Scanning CNM...
[2026-03-17 15:07:41] [stdout] [26/94] Scanning CRDO...
[2026-03-17 15:07:41] [stdout] [27/94] Scanning CTMX...
[2026-03-17 15:07:41] [stdout] [28/94] Scanning CUK...
[2026-03-17 15:07:41] [stdout] [29/94] Scanning CXM...
[2026-03-17 15:07:41] [stdout] [30/94] Scanning DAL...
[2026-03-17 15:07:41] [stdout] [31/94] Scanning E...
[2026-03-17 15:07:41] [stdout] [32/94] Scanning ECVT...
[2026-03-17 15:07:41] [stdout] [33/94] Scanning ELAN...
[2026-03-17 15:07:41] [stdout] [34/94] Scanning ERIC...
[2026-03-17 15:07:41] [stdout] [35/94] Scanning FBIN...
[2026-03-17 15:07:41] [stdout] [36/94] Scanning FINV...
[2026-03-17 15:07:41] [stdout] [37/94] Scanning FLGT...
[2026-03-17 15:07:41] [stdout] [38/94] Scanning FNB...
[2026-03-17 15:07:41] [stdout] [39/94] Scanning FOXF...
[2026-03-17 15:07:41] [stdout] [40/94] Scanning FRPT...
[2026-03-17 15:07:41] [stdout] [41/94] Scanning GLSI...
[2026-03-17 15:07:41] [stdout] [42/94] Scanning GPRK...
[2026-03-17 15:07:41] [stdout] [43/94] Scanning GRPN...
[2026-03-17 15:07:41] [stdout] [44/94] Scanning HIMX...
[2026-03-17 15:07:41] [stdout] [45/94] Scanning HOLX...
[2026-03-17 15:07:41] [stdout] [46/94] Scanning IRWD...
[2026-03-17 15:07:41] [stdout] [47/94] Scanning ITRG...
[2026-03-17 15:07:41] [stdout] [48/94] Scanning JBGS...
[2026-03-17 15:07:41] [stdout] [49/94] Scanning JHG...
[2026-03-17 15:07:41] [stdout] [50/94] Scanning LAES...
[2026-03-17 15:07:41] [stdout] [51/94] Scanning LITE...
[2026-03-17 15:07:41] [stdout] [52/94] Scanning LMND...
[2026-03-17 15:07:41] [stdout] [53/94] Scanning LOGI...
[2026-03-17 15:07:41] [stdout] [54/94] Scanning MAIN...
[2026-03-17 15:07:41] [stdout] [55/94] Scanning MASI...
[2026-03-17 15:07:41] [stdout] [56/94] Scanning MC...
[2026-03-17 15:07:41] [stdout] [57/94] Scanning MEOH...
[2026-03-17 15:07:41] [stdout] [58/94] Scanning MVST...
[2026-03-17 15:07:41] [stdout] [59/94] Scanning NBIS...
[2026-03-17 15:07:41] [stdout] [60/94] Scanning NFE...
[2026-03-17 15:07:41] [stdout] [61/94] Scanning NGG...
[2026-03-17 15:07:41] [stdout] [62/94] Scanning NNE...
[2026-03-17 15:07:41] [stdout] [63/94] Scanning NSA...
[2026-03-17 15:07:41] [stdout] [64/94] Scanning NWG...
[2026-03-17 15:07:41] [stdout] [65/94] Scanning OBE...
[2026-03-17 15:07:41] [stdout] [66/94] Scanning OCGN...
[2026-03-17 15:07:41] [stdout] [67/94] Scanning OKLO...
[2026-03-17 15:07:41] [stdout] [68/94] Scanning OWL...
[2026-03-17 15:07:41] [stdout] [69/94] Scanning PAR...
[2026-03-17 15:07:41] [stdout] [70/94] Scanning PCT...
[2026-03-17 15:07:41] [stdout] [71/94] Scanning PEPG...
[2026-03-17 15:07:41] [stdout] [72/94] Scanning PURR...
[2026-03-17 15:07:41] [stdout] [73/94] Scanning QNC...
[2026-03-17 15:07:41] [stdout] [74/94] Scanning RELX...
[2026-03-17 15:07:41] [stdout] [75/94] Scanning RLX...
[2026-03-17 15:07:41] [stdout] [76/94] Scanning RYAAY...
[2026-03-17 15:07:41] [stdout] [77/94] Scanning SBS...
[2026-03-17 15:07:41] [stdout] [78/94] Scanning SEI...
[2026-03-17 15:07:41] [stdout] [79/94] Scanning SID...
[2026-03-17 15:07:41] [stdout] [80/94] Scanning SMTC...
[2026-03-17 15:07:41] [stdout] [81/94] Scanning SOFI...
[2026-03-17 15:07:41] [stdout] [82/94] Scanning STLA...
[2026-03-17 15:07:41] [stdout] [83/94] Scanning TALK...
[2026-03-17 15:07:41] [stdout] [84/94] Scanning TME...
[2026-03-17 15:07:41] [stdout] [85/94] Scanning TNDM...
[2026-03-17 15:07:41] [stdout] [86/94] Scanning TOI...
[2026-03-17 15:07:41] [stdout] [87/94] Scanning TRON...
[2026-03-17 15:07:41] [stdout] [88/94] Scanning TS...
[2026-03-17 15:07:41] [stdout] [89/94] Scanning ULTA...
[2026-03-17 15:07:41] [stdout] [90/94] Scanning VIA...
[2026-03-17 15:07:41] [stdout] [91/94] Scanning VIST...
[2026-03-17 15:07:41] [stdout] [92/94] Scanning WBI...
[2026-03-17 15:07:41] [stdout] [93/94] Scanning WTI...
[2026-03-17 15:07:41] [stdout] [94/94] Scanning YEXT...
[2026-03-17 15:07:41] [stdout] 
[2026-03-17 15:07:41] [stdout] Top candidates:
[2026-03-17 15:07:41] [stdout] 
[2026-03-17 15:07:41] [stdout]  scan_date ticker  price  market_cap  float_shares  rel_volume  dollar_volume  vol_expansion_score  compression_score  breakout_score  trend_score  news_score  short_interest_score  premarket_gap_score  social_score  insider_score  total_score                                                                                                                     reason  repeat_count_30d        scan_time_utc  event_intel_score  sec_insider_score  anomaly_score     anomaly_label anomaly_flags  baseline_sample_size                  event_tags                                                                                            event_intel_reason
[2026-03-17 15:07:41] [stdout] 2026-03-17   AGRO  12.45  1761446528      19962240        3.56   4.653716e+07                 2.02                0.0             0.0          3.0         3.0                   0.0                  1.0           1.0            0.0        15.39            unusual volume, multi-day volume expansion, trend improving, elevated news flow, gap strength, retail attention                 3 2026-03-17T03:38:48Z               0.00               0.00            0.0 Baseline Building           NaN                   1.0                         NaN no event-intel signals; SEC=no recent Form 4 filings; SAM=SAM_API_KEY not set; Congress=HOUSE_PTR_CSV not set
[2026-03-17 15:07:41] [stdout] 2026-03-17   TRON   1.90   521325952      28802067        2.76   3.142055e+06                 3.00                0.0             0.0          2.0         3.0                   2.5                  0.0           1.0            0.0        14.91 unusual volume, multi-day volume expansion, trend improving, elevated news flow, short squeeze potential, retail attention                 1                  NaN                NaN                NaN            NaN               NaN           NaN                   NaN                         NaN                                                                                                           NaN
[2026-03-17 15:07:41] [stdout] 2026-03-17    NFE   1.19   338617856     128541041        6.64   7.024839e+07                 3.00                0.0             0.0          1.0         1.5                   2.5                  0.0           1.0            0.0        14.60                  unusual volume, multi-day volume expansion, elevated news flow, short squeeze potential, retail attention                 1                  NaN                NaN                NaN            NaN               NaN           NaN                   NaN                         NaN                                                                                                           NaN
[2026-03-17 15:07:41] [stdout] 2026-03-17    TOI   3.61   356809312      80221803        1.53   1.165381e+07                 3.00                0.0             3.0          2.0         3.0                   1.0                  0.0           1.0            0.0        14.54  multi-day volume expansion, near breakout, trend improving, elevated news flow, short squeeze potential, retail attention                 1                  NaN                NaN                NaN            NaN               NaN           NaN                   NaN                         NaN                                                                                                           NaN
[2026-03-17 15:07:41] [stdout] 2026-03-17   TALK   5.14   857541760     128503172        1.67   5.085141e+07                 3.00                1.0             2.0          3.0         3.0                   0.0                  0.0           1.0            0.0        14.31                           multi-day volume expansion, near breakout, trend improving, elevated news flow, retail attention                 1                  NaN                NaN                NaN            NaN               NaN           NaN                   NaN                         NaN                                                                                                           NaN
[2026-03-17 15:07:41] [stdout] 2026-03-17   FINV   6.05  1573361664     603949278        2.21   1.342513e+07                 3.00                0.0             3.0          3.0         0.0                   0.0                  0.0           1.0            0.0        13.56                               unusual volume, multi-day volume expansion, near breakout, trend improving, retail attention                 3 2026-03-17T03:40:17Z               0.00               0.00            0.0 Baseline Building           NaN                   1.0                         NaN no event-intel signals; SEC=no recent Form 4 filings; SAM=SAM_API_KEY not set; Congress=HOUSE_PTR_CSV not set
[2026-03-17 15:07:41] [stdout] 2026-03-17    TME  11.47 19309369344    1122936726        8.78   6.124398e+08                 3.00                0.0             0.0          0.0         3.0                   0.0                  0.0           1.0            0.0        12.50                                           unusual volume, multi-day volume expansion, elevated news flow, retail attention                 1                  NaN                NaN                NaN            NaN               NaN           NaN                   NaN                         NaN                                                                                                           NaN
[2026-03-17 15:07:41] [stdout] 2026-03-17   MVST   1.62   533297120     199168684        6.42   3.443801e+07                 3.00                0.0             0.0          0.0         0.0                   1.5                  0.0           1.0            0.0        12.00                                      unusual volume, multi-day volume expansion, short squeeze potential, retail attention                 2                  NaN                NaN                NaN            NaN               NaN           NaN                   NaN                         NaN                                                                                                           NaN
[2026-03-17 15:07:41] [stdout] 2026-03-17   ABSI   2.99   449595872     132323940        1.94   1.615511e+07                 3.00                0.0             0.0          2.0         1.0                   3.0                  0.0           1.0            0.0        11.82                 multi-day volume expansion, trend improving, elevated news flow, short squeeze potential, retail attention                 1                  NaN                NaN                NaN            NaN               NaN           NaN                   NaN                         NaN                                                                                                           NaN
[2026-03-17 15:07:41] [stdout] 2026-03-17   CTMX   5.47   926811584     123351351        1.78   8.398970e+07                 3.00                0.0             0.0          3.0         1.0                   1.0                  0.0           1.0            0.0        11.63                 multi-day volume expansion, trend improving, elevated news flow, short squeeze potential, retail attention                 4 2026-03-17T03:40:13Z               2.08               5.20            0.0 Baseline Building           NaN                   2.0 buy, form4, insider, parsed                    recent insider filings, latest event 41 day(s) ago, insider accumulation detected for ctmx
[2026-03-17 15:07:41] [stdout] 2026-03-17    PCT   5.38   970721920     141602584        1.90   5.256510e+07                 2.35                0.0             0.0          0.0         3.0                   3.0                  0.0           1.0            0.0        11.01                                  multi-day volume expansion, elevated news flow, short squeeze potential, retail attention                 1                  NaN                NaN                NaN            NaN               NaN           NaN                   NaN                         NaN                                                                                                           NaN
[2026-03-17 15:07:41] [stdout] 2026-03-17    OBE   8.53   576609856      60376354        1.56   8.808632e+06                 0.26                1.0             1.0          3.0         3.0                   1.5                  0.0           0.5            0.0        10.94                                                               trend improving, elevated news flow, short squeeze potential                 1                  NaN                NaN                NaN            NaN               NaN           NaN                   NaN                         NaN                                                                                                           NaN
[2026-03-17 15:07:41] [stdout] 2026-03-17   ALOY  13.60   776711936      53935198        1.82   3.260909e+07                 1.85                0.0             0.0          2.0         3.0                   0.0                  0.0           1.0            0.0        10.90                                          multi-day volume expansion, trend improving, elevated news flow, retail attention                 8 2026-03-17T03:38:54Z               0.78               1.95            0.0   Within Baseline           NaN                   4.0    form4, insider, unparsed                             recent insider filings, latest event 12 day(s) ago, recent form 4 filing for aloy
[2026-03-17 15:07:41] [stdout] 2026-03-17   OCGN   2.55   834498624     322732914        1.51   3.685809e+07                 0.00                0.0             1.0          3.0         0.5                   2.5                  1.0           1.0            0.0         9.41                                                   trend improving, short squeeze potential, gap strength, retail attention                 1                  NaN                NaN                NaN            NaN               NaN           NaN                   NaN                         NaN                                                                                                           NaN
[2026-03-17 15:07:41] [stdout] 2026-03-17    VIA  14.30  1161000064      60173089        1.54   2.195322e+07                 3.00                0.0             0.0          0.0         3.0                   1.0                  0.0           1.0            0.0         9.35                                  multi-day volume expansion, elevated news flow, short squeeze potential, retail attention                 1                  NaN                NaN                NaN            NaN               NaN           NaN                   NaN                         NaN                                                                                                           NaN
[2026-03-17 15:07:41] [stdout] 2026-03-17   LAES   3.13   560406720     121649573        2.02   3.854831e+07                 3.00                0.0             0.0          0.0         3.0                   0.0                  0.0           1.0            0.0         9.32                                           unusual volume, multi-day volume expansion, elevated news flow, retail attention                 2                  NaN                NaN                NaN            NaN               NaN           NaN                   NaN                         NaN                                                                                                           NaN
[2026-03-17 15:07:41] [stdout] 2026-03-17   SOFI  17.08 21800634368    1254528060        1.84   2.153346e+09                 3.00                0.0             0.0          0.0         2.5                   0.0                  0.0           1.0            0.0         8.31                                                           multi-day volume expansion, elevated news flow, retail attention                 1                  NaN                NaN                NaN            NaN               NaN           NaN                   NaN                         NaN                                                                                                           NaN
[2026-03-17 15:07:41] [stdout] 2026-03-17   PEPG   5.09   351796864      36971152        1.85   6.371438e+06                 2.87                0.0             0.0          1.0         0.0                   0.0                  0.0           1.0            0.0         7.96                                                                               multi-day volume expansion, retail attention                 1                  NaN                NaN                NaN            NaN               NaN           NaN                   NaN                         NaN                                                                                                           NaN
[2026-03-17 15:07:41] [stdout] 2026-03-17   IRWD   3.28   533396352     119176062        2.87   3.011226e+07                 3.00                0.0             0.0          0.0         0.5                   0.0                  0.0           1.0            0.0         7.95                                                               unusual volume, multi-day volume expansion, retail attention                 1                  NaN                NaN                NaN            NaN               NaN           NaN                   NaN                         NaN                                                                                                           NaN
[2026-03-17 15:07:41] [stdout] 2026-03-17   BBAR  13.22  2811965952     161363326        1.73   1.638158e+07                 3.00                0.0             0.0          0.0         0.0                   0.0                  0.0           0.5            0.0         6.73                                                                                                 multi-day volume expansion                 3 2026-03-17T03:38:56Z               0.00               0.00            0.0 Baseline Building           NaN                   1.0                         NaN no event-intel signals; SEC=no recent Form 4 filings; SAM=SAM_API_KEY not set; Congress=HOUSE_PTR_CSV not set
[2026-03-17 15:07:41] [stdout] 
[2026-03-17 15:07:41] [stdout] Saved ranked results to: explosive_play_candidates.csv
[2026-03-17 15:07:41] [stdout] Appended results to history file: explosive_play_historical_scans.csv
[2026-03-17 15:07:41] [stdout] Event-intel merge: merged event-intel data (rows=28, used_composite=False)
[2026-03-17 15:07:41] explosive_scanner finished | end_utc=2026-03-17T19:07:41Z | elapsed_seconds=723.800
[2026-03-17 15:07:41] event_intel_scanner started | start_utc=2026-03-17T19:07:41Z
[2026-03-17 15:07:41] RUN: C:\Users\jkers\AppData\Local\Programs\Python\Python313\python.exe event_intel_scanner.py --input-csv explosive_play_candidates.csv --ticker-column ticker --output event_intel_scan.csv --history event_intel_history.csv
[2026-03-17 15:09:42] [stdout] Scanning 20 ticker(s) for event intelligence...
[2026-03-17 15:09:42] [stdout] [1/20] ABSI
[2026-03-17 15:09:42] [stdout] [2/20] AGRO
[2026-03-17 15:09:42] [stdout] [3/20] ALOY
[2026-03-17 15:09:42] [stdout] [4/20] BBAR
[2026-03-17 15:09:42] [stdout] [5/20] CTMX
[2026-03-17 15:09:42] [stdout] [6/20] FINV
[2026-03-17 15:09:42] [stdout] [7/20] IRWD
[2026-03-17 15:09:42] [stdout] [8/20] LAES
[2026-03-17 15:09:42] [stdout] [9/20] MVST
[2026-03-17 15:09:42] [stdout] [10/20] NFE
[2026-03-17 15:09:42] [stdout] [11/20] OBE
[2026-03-17 15:09:42] [stdout] [12/20] OCGN
[2026-03-17 15:09:42] [stdout] [13/20] PCT
[2026-03-17 15:09:42] [stdout] [14/20] PEPG
[2026-03-17 15:09:42] [stdout] [15/20] SOFI
[2026-03-17 15:09:42] [stdout] [16/20] TALK
[2026-03-17 15:09:42] [stdout] [17/20] TME
[2026-03-17 15:09:42] [stdout] [18/20] TOI
[2026-03-17 15:09:42] [stdout] [19/20] TRON
[2026-03-17 15:09:42] [stdout] [20/20] VIA
[2026-03-17 15:09:42] [stdout] 
[2026-03-17 15:09:42] [stdout] Top event-intel results:
[2026-03-17 15:09:42] [stdout] 
[2026-03-17 15:09:42] [stdout]        scan_time_utc ticker                      company_name  sec_insider_score  congressional_score  procurement_score  ownership_score  event_intel_score  signal_count  days_since_latest_event       confidence_label                                                                                             event_tags top_sources                                                                                                                                                  reason  baseline_sample_size  baseline_window_days  baseline_event_intel_median  baseline_signal_count_median  baseline_days_since_latest_event_median  event_intel_score_z  signal_count_z  freshness_z  anomaly_score     anomaly_label anomaly_flags                                        anomaly_reason  novel_tag_count  novel_source_count
[2026-03-17 15:09:42] [stdout] 2026-03-17T19:08:08Z   ABSI                        Absci Corp               9.75                  0.0                0.0              0.0               3.90            21                      1.0 Insider Activity Watch buy, form4, insider, open_market_buy, open_market_sale, option_exercise, parsed, sell, tax_withholding   SEC EDGAR                                                   meaningful insider filing activity, latest event 1 day(s) ago, insider accumulation detected for absi                     0                     0                          NaN                           NaN                                      NaN                  0.0            0.00         0.00            0.0       No Baseline                     baseline unavailable: no prior scans for ticker                0                   0
[2026-03-17 15:09:42] [stdout] 2026-03-17T19:09:38Z   TALK                   Talkspace, Inc.               9.75                  0.0                0.0              0.0               3.90            10                      1.0 Insider Activity Watch                                                     buy, form4, insider, parsed, sell, tax_withholding   SEC EDGAR                                                        meaningful insider filing activity, latest event 1 day(s) ago, insider selling detected for talk                     0                     0                          NaN                           NaN                                      NaN                  0.0            0.00         0.00            0.0       No Baseline                     baseline unavailable: no prior scans for ticker                0                   0
[2026-03-17 15:09:42] [stdout] 2026-03-17T19:08:36Z   IRWD      IRONWOOD PHARMACEUTICALS INC               8.45                  0.0                0.0              0.0               3.38            13                      5.0 Insider Activity Watch                                                    buy, form4, insider, open_market_sale, parsed, sell   SEC EDGAR                                                   meaningful insider filing activity, latest event 5 day(s) ago, insider accumulation detected for irwd                     0                     0                          NaN                           NaN                                      NaN                  0.0            0.00         0.00            0.0       No Baseline                     baseline unavailable: no prior scans for ticker                0                   0
[2026-03-17 15:09:42] [stdout] 2026-03-17T19:09:27Z   SOFI           SoFi Technologies, Inc.               8.45                  0.0                0.0              0.0               3.38            16                      4.0 Insider Activity Watch buy, form4, insider, open_market_buy, open_market_sale, option_exercise, parsed, sell, tax_withholding   SEC EDGAR                                                   meaningful insider filing activity, latest event 4 day(s) ago, insider accumulation detected for sofi                     0                     0                          NaN                           NaN                                      NaN                  0.0            0.00         0.00            0.0       No Baseline                     baseline unavailable: no prior scans for ticker                0                   0
[2026-03-17 15:09:42] [stdout] 2026-03-17T19:08:44Z   MVST          Microvast Holdings, Inc.               8.22                  0.0                0.0              0.0               3.29             9                      4.0 Insider Activity Watch                                                    buy, form4, insider, open_market_sale, parsed, sell   SEC EDGAR                                                   meaningful insider filing activity, latest event 4 day(s) ago, insider accumulation detected for mvst                     1                     0                         3.29                          10.0                                      3.0                  0.0           -0.67        -1.33            0.0 Baseline Building                        baseline still building from 1 prior scan(s)                0                   0
[2026-03-17 15:09:42] [stdout] 2026-03-17T19:09:10Z   PEPG                       PepGen Inc.               7.47                  0.0                0.0              0.0               2.99             8                     11.0 Insider Activity Watch                                                    buy, form4, insider, open_market_sale, parsed, sell   SEC EDGAR                                                       meaningful insider filing activity, latest event 11 day(s) ago, insider selling detected for pepg                     0                     0                          NaN                           NaN                                      NaN                  0.0            0.00         0.00            0.0       No Baseline                     baseline unavailable: no prior scans for ticker                0                   0
[2026-03-17 15:09:42] [stdout] 2026-03-17T19:09:01Z    PCT      PureCycle Technologies, Inc.               7.36                  0.0                0.0              0.0               2.94            12                     14.0 Insider Activity Watch                                                     buy, form4, insider, parsed, sell, tax_withholding   SEC EDGAR                                                        meaningful insider filing activity, latest event 14 day(s) ago, insider selling detected for pct                     0                     0                          NaN                           NaN                                      NaN                  0.0            0.00         0.00            0.0       No Baseline                     baseline unavailable: no prior scans for ticker                0                   0
[2026-03-17 15:09:42] [stdout] 2026-03-17T19:08:21Z   CTMX         CytomX Therapeutics, Inc.               5.20                  0.0                0.0              0.0               2.08             5                     41.0       Low Event Signal                                                                            buy, form4, insider, parsed   SEC EDGAR                                                              recent insider filings, latest event 41 day(s) ago, insider accumulation detected for ctmx                     3                     0                         2.08                           5.0                                     41.0                  0.0            0.00         0.00            0.0   Within Baseline               current activity is within the recent ticker baseline                0                   0
[2026-03-17 15:09:42] [stdout] 2026-03-17T19:08:46Z    NFE          New Fortress Energy Inc.               4.60                  0.0                0.0              0.0               1.84             2                     40.0       Low Event Signal                                                                            buy, form4, insider, parsed   SEC EDGAR                                                               recent insider filings, latest event 40 day(s) ago, insider accumulation detected for nfe                     0                     0                          NaN                           NaN                                      NaN                  0.0            0.00         0.00            0.0       No Baseline                     baseline unavailable: no prior scans for ticker                0                   0
[2026-03-17 15:09:42] [stdout] 2026-03-17T19:08:15Z   ALOY                     REALLOYS INC.               1.95                  0.0                0.0              0.0               0.78             6                     12.0       Low Event Signal                                                                               form4, insider, unparsed   SEC EDGAR                                                                       recent insider filings, latest event 12 day(s) ago, recent form 4 filing for aloy                     5                     1                         0.78                           6.0                                     10.0                  0.0            0.00        -1.33            0.0   Within Baseline               current activity is within the recent ticker baseline                0                   0
[2026-03-17 15:09:42] [stdout] 2026-03-17T19:09:42Z    VIA          Via Transportation, Inc.               1.25                  0.0                0.0              0.0               0.50             1                     28.0       Low Event Signal                                                                 administrative, form4, insider, parsed   SEC EDGAR                                                              recent insider filings, latest event 28 day(s) ago, recent insider filing activity for via                     0                     0                          NaN                           NaN                                      NaN                  0.0            0.00         0.00            0.0       No Baseline                     baseline unavailable: no prior scans for ticker                0                   0
[2026-03-17 15:09:42] [stdout] 2026-03-17T19:08:09Z   AGRO                    Adecoagro S.A.               0.00                  0.0                0.0              0.0               0.00             0                      NaN       Low Event Signal                                                                                                                                                              no event-intel signals; SEC=no recent Form 4 filings; SAM=SAM_API_KEY not set; Congress=HOUSE_PTR_CSV not set                     2                     0                         0.00                           0.0                                      NaN                  0.0            0.00         0.00            0.0 Baseline Building                        baseline still building from 2 prior scan(s)                0                   0
[2026-03-17 15:09:42] [stdout] 2026-03-17T19:08:15Z   BBAR         Banco BBVA Argentina S.A.               0.00                  0.0                0.0              0.0               0.00             0                      NaN       Low Event Signal                                                                                                                                                              no event-intel signals; SEC=no recent Form 4 filings; SAM=SAM_API_KEY not set; Congress=HOUSE_PTR_CSV not set                     2                     0                         0.00                           0.0                                      NaN                  0.0            0.00         0.00            0.0 Baseline Building                        baseline still building from 2 prior scan(s)                0                   0
[2026-03-17 15:09:42] [stdout] 2026-03-17T19:08:22Z   FINV                 FinVolution Group               0.00                  0.0                0.0              0.0               0.00             0                      NaN       Low Event Signal                                                                                                                                                              no event-intel signals; SEC=no recent Form 4 filings; SAM=SAM_API_KEY not set; Congress=HOUSE_PTR_CSV not set                     2                     0                         0.00                           0.0                                      NaN                  0.0            0.00         0.00            0.0 Baseline Building                        baseline still building from 2 prior scan(s)                0                   0
[2026-03-17 15:09:42] [stdout] 2026-03-17T19:08:36Z   LAES                       SEALSQ Corp               0.00                  0.0                0.0              0.0               0.00             0                      NaN       Low Event Signal                                                                                                                                                              no event-intel signals; SEC=no recent Form 4 filings; SAM=SAM_API_KEY not set; Congress=HOUSE_PTR_CSV not set                     1                     0                         0.00                           0.0                                      NaN                  0.0            0.00         0.00            0.0 Baseline Building                        baseline still building from 1 prior scan(s)                0                   0
[2026-03-17 15:09:42] [stdout] 2026-03-17T19:08:47Z    OBE              OBSIDIAN ENERGY LTD.               0.00                  0.0                0.0              0.0               0.00             0                      NaN       Low Event Signal                                                                                                                    no event-intel signals; SEC=recent Form 4 filings found, but no actionable transactions parsed; SAM=SAM_API_KEY not set; Congress=HOUSE_PTR_CSV not set                     0                     0                          NaN                           NaN                                      NaN                  0.0            0.00         0.00            0.0       No Baseline                     baseline unavailable: no prior scans for ticker                0                   0
[2026-03-17 15:09:42] [stdout] 2026-03-17T19:08:48Z   OCGN                      Ocugen, Inc.               0.00                  0.0                0.0              0.0               0.00             0                      NaN       Low Event Signal                                                                                                                    no event-intel signals; SEC=recent Form 4 filings found, but no actionable transactions parsed; SAM=SAM_API_KEY not set; Congress=HOUSE_PTR_CSV not set                     0                     0                          NaN                           NaN                                      NaN                  0.0            0.00         0.00            0.0       No Baseline                     baseline unavailable: no prior scans for ticker                0                   0
[2026-03-17 15:09:42] [stdout] 2026-03-17T19:09:39Z    TME Tencent Music Entertainment Group               0.00                  0.0                0.0              0.0               0.00             0                      NaN       Low Event Signal                                                                                                                                                              no event-intel signals; SEC=no recent Form 4 filings; SAM=SAM_API_KEY not set; Congress=HOUSE_PTR_CSV not set                     0                     0                          NaN                           NaN                                      NaN                  0.0            0.00         0.00            0.0       No Baseline                     baseline unavailable: no prior scans for ticker                0                   0
[2026-03-17 15:09:42] [stdout] 2026-03-17T19:09:39Z    TOI          Oncology Institute, Inc.               0.00                  0.0                0.0              0.0               0.00             0                      NaN       Low Event Signal                                                                                                                    no event-intel signals; SEC=recent Form 4 filings found, but no actionable transactions parsed; SAM=SAM_API_KEY not set; Congress=HOUSE_PTR_CSV not set                     0                     0                          NaN                           NaN                                      NaN                  0.0            0.00         0.00            0.0       No Baseline                     baseline unavailable: no prior scans for ticker                0                   0
[2026-03-17 15:09:42] [stdout] 2026-03-17T19:09:40Z   TRON                         Tron Inc.               0.00                  0.0                0.0              0.0               0.00             0                      NaN       Low Event Signal                                                                                                                    no event-intel signals; SEC=recent Form 4 filings found, but no actionable transactions parsed; SAM=SAM_API_KEY not set; Congress=HOUSE_PTR_CSV not set                     0                     0                          NaN                           NaN                                      NaN                  0.0            0.00         0.00            0.0       No Baseline                     baseline unavailable: no prior scans for ticker                0                   0
[2026-03-17 15:09:42] [stdout] 
[2026-03-17 15:09:42] [stdout] Saved output to: event_intel_scan.csv
[2026-03-17 15:09:42] event_intel_scanner finished | end_utc=2026-03-17T19:09:42Z | elapsed_seconds=120.876
[2026-03-17 15:09:42] merge_event_intel started | start_utc=2026-03-17T19:09:42Z
[2026-03-17 15:09:42] merge_event_intel finished | end_utc=2026-03-17T19:09:42Z | elapsed_seconds=0.047
[2026-03-17 15:09:42] auto_evaluator started | start_utc=2026-03-17T19:09:42Z
[2026-03-17 15:09:42] RUN: C:\Users\jkers\AppData\Local\Programs\Python\Python313\python.exe explosive_play_evaluator.py --explosive-history explosive_play_historical_scans.csv --event-history event_intel_history.csv --output explosive_play_eval.csv --top-n 5,10,20 --auto-evaluate --composite-weights 0.65,0.25,0.10
[2026-03-17 15:10:06] [stdout] 
[2026-03-17 15:10:06] [stdout] Evaluation summary
[2026-03-17 15:10:06] [stdout] Rows: 0 | Date window: min to max
[2026-03-17 15:10:06] [stdout] Total historical scans: 225
[2026-03-17 15:10:06] [stdout] Rows eligible for evaluation: 0
[2026-03-17 15:10:06] [stdout] Rows skipped due to insufficient forward data: 225
[2026-03-17 15:10:06] [stdout] Composite weights: (0.65, 0.25, 0.1)
[2026-03-17 15:10:06] [stdout] Spearman corr base: n/a
[2026-03-17 15:10:06] [stdout] Spearman corr composite: n/a
[2026-03-17 15:10:06] [stdout] 
[2026-03-17 15:10:06] [stdout] Hit-rate / return snapshots:
[2026-03-17 15:10:06] [stdout] Base Top 5 on total_score: no data
[2026-03-17 15:10:06] [stdout] Base Top 10 on total_score: no data
[2026-03-17 15:10:06] [stdout] Base Top 20 on total_score: no data
[2026-03-17 15:10:06] [stdout] Merge Top 5 on composite_score: no data
[2026-03-17 15:10:06] [stdout] Merge Top 10 on composite_score: no data
[2026-03-17 15:10:06] [stdout] Merge Top 20 on composite_score: no data
[2026-03-17 15:10:06] [stdout] 
[2026-03-17 15:10:06] [stdout] Wrote detailed evaluation rows to: explosive_play_eval.csv
[2026-03-17 15:10:06] auto_evaluator finished | end_utc=2026-03-17T19:10:06Z | elapsed_seconds=23.878
[2026-03-17 15:10:06] 
[2026-03-17 15:10:06] End-of-run summary
[2026-03-17 15:10:06] Total explosive candidates found: 20
[2026-03-17 15:10:06] Total merged candidates: 20
[2026-03-17 15:10:06] Total historical rows: 225
[2026-03-17 15:10:06] Rows eligible for evaluation: 0
[2026-03-17 15:10:06] Rows skipped due to insufficient forward data: 225
[2026-03-17 15:10:06] Workflow status: success
[2026-03-17 15:10:06] Log file: logs\daily_scan_20260317_145537.log
