[2026-03-16 23:22:30] Starting daily scan workflow
[2026-03-16 23:22:30] explosive_scanner started | start_utc=2026-03-17T03:22:30Z
[2026-03-16 23:22:30] RUN: C:\Users\jkers\AppData\Local\Programs\Python\Python313\python.exe explosive_play_scanner.py --output explosive_play_candidates.csv --history explosive_play_historical_scans.csv
[2026-03-16 23:38:30] [stdout] Building universe from Finviz...
[2026-03-16 23:38:30] [stdout] [Info] loading page [###---------------------------] 1/11 
[2026-03-16 23:38:30] [stdout] [Info] loading page [#####-------------------------] 2/11 
[2026-03-16 23:38:30] [stdout] [Info] loading page [########----------------------] 3/11 
[2026-03-16 23:38:30] [stdout] [Info] loading page [###########-------------------] 4/11 
[2026-03-16 23:38:30] [stdout] [Info] loading page [##############----------------] 5/11 
[2026-03-16 23:38:30] [stdout] [Info] loading page [################--------------] 6/11 
[2026-03-16 23:38:30] [stdout] [Info] loading page [###################-----------] 7/11 
[2026-03-16 23:38:30] [stdout] [Info] loading page [######################--------] 8/11 
[2026-03-16 23:38:30] [stdout] [Info] loading page [#########################-----] 9/11 
[2026-03-16 23:38:30] [stdout] [Info] loading page [###########################---] 10/11 
[2026-03-16 23:38:30] [stdout] Universe size: 100
[2026-03-16 23:38:30] [stdout] [1/100] Scanning AAOI...
[2026-03-16 23:38:30] [stdout] [2/100] Scanning ABTC...
[2026-03-16 23:38:30] [stdout] [3/100] Scanning ABX...
[2026-03-16 23:38:30] [stdout] [4/100] Scanning ACAD...
[2026-03-16 23:38:30] [stdout] [5/100] Scanning ADBE...
[2026-03-16 23:38:30] [stdout] [6/100] Scanning AGRO...
[2026-03-16 23:38:30] [stdout] [7/100] Scanning ALK...
[2026-03-16 23:38:30] [stdout] [8/100] Scanning ALM...
[2026-03-16 23:38:30] [stdout] [9/100] Scanning ALOY...
[2026-03-16 23:38:30] [stdout] [10/100] Scanning AMPH...
[2026-03-16 23:38:30] [stdout] [11/100] Scanning APO...
[2026-03-16 23:38:30] [stdout] [12/100] Scanning ARIS...
[2026-03-16 23:38:30] [stdout] [13/100] Scanning ASH...
[2026-03-16 23:38:30] [stdout] [14/100] Scanning ASO...
[2026-03-16 23:38:30] [stdout] [15/100] Scanning ATEN...
[2026-03-16 23:38:30] [stdout] [16/100] Scanning ATHM...
[2026-03-16 23:38:30] [stdout] [17/100] Scanning AZN...
[2026-03-16 23:38:30] [stdout] [18/100] Scanning AZTA...
[2026-03-16 23:38:30] [stdout] [19/100] Scanning BBAR...
[2026-03-16 23:38:30] [stdout] [20/100] Scanning BBW...
[2026-03-16 23:38:30] [stdout] [21/100] Scanning BCRX...
[2026-03-16 23:38:30] [stdout] [22/100] Scanning BETA...
[2026-03-16 23:38:30] [stdout] [23/100] Scanning BETR...
[2026-03-16 23:38:30] [stdout] [24/100] Scanning BGY...
[2026-03-16 23:38:30] [stdout] [25/100] Scanning BHE...
[2026-03-16 23:38:30] [stdout] [26/100] Scanning BLDP...
[2026-03-16 23:38:30] [stdout] [27/100] Scanning BLND...
[2026-03-16 23:38:30] [stdout] [28/100] Scanning BMA...
[2026-03-16 23:38:30] [stdout] [29/100] Scanning BMBL...
[2026-03-16 23:38:30] [stdout] [30/100] Scanning BMNR...
[2026-03-16 23:38:30] [stdout] [31/100] Scanning BOOT...
[2026-03-16 23:38:30] [stdout] [32/100] Scanning BRBR...
[2026-03-16 23:38:30] [stdout] [33/100] Scanning BRCB...
[2026-03-16 23:38:30] [stdout] [34/100] Scanning BW...
[2026-03-16 23:38:30] [stdout] [35/100] Scanning BWLP...
[2026-03-16 23:38:30] [stdout] [36/100] Scanning CARS...
[2026-03-16 23:38:30] [stdout] [37/100] Scanning CERT...
[2026-03-16 23:38:30] [stdout] [38/100] Scanning CF...
[2026-03-16 23:38:30] [stdout] [39/100] Scanning CGAU...
[2026-03-16 23:38:30] [stdout] [40/100] Scanning CHRD...
[2026-03-16 23:38:30] [stdout] [41/100] Scanning CION...
[2026-03-16 23:38:30] [stdout] [42/100] Scanning CLF...
[2026-03-16 23:38:30] [stdout] [43/100] Scanning CLOV...
[2026-03-16 23:38:30] [stdout] [44/100] Scanning CMCO...
[2026-03-16 23:38:30] [stdout] [45/100] Scanning CNM...
[2026-03-16 23:38:30] [stdout] [46/100] Scanning COCO...
[2026-03-16 23:38:30] [stdout] [47/100] Scanning CPA...
[2026-03-16 23:38:30] [stdout] [48/100] Scanning CPB...
[2026-03-16 23:38:30] [stdout] [49/100] Scanning CPNG...
[2026-03-16 23:38:30] [stdout] [50/100] Scanning CR...
[2026-03-16 23:38:30] [stdout] [51/100] Scanning CRC...
[2026-03-16 23:38:30] [stdout] [52/100] Scanning CSTM...
[2026-03-16 23:38:30] [stdout] [53/100] Scanning CTMX...
[2026-03-16 23:38:30] [stdout] [54/100] Scanning CTOS...
[2026-03-16 23:38:30] [stdout] [55/100] Scanning CUBE...
[2026-03-16 23:38:30] [stdout] [56/100] Scanning CXM...
[2026-03-16 23:38:30] [stdout] [57/100] Scanning CXW...
[2026-03-16 23:38:30] [stdout] [58/100] Scanning CYRX...
[2026-03-16 23:38:30] [stdout] [59/100] Scanning DAL...
[2026-03-16 23:38:30] [stdout] [60/100] Scanning DAR...
[2026-03-16 23:38:30] [stdout] [61/100] Scanning DFH...
[2026-03-16 23:38:30] [stdout] [62/100] Scanning DLTR...
[2026-03-16 23:38:30] [stdout] [63/100] Scanning DOCN...
[2026-03-16 23:38:30] [stdout] [64/100] Scanning DRVN...
[2026-03-16 23:38:30] [stdout] [65/100] Scanning DSGN...
[2026-03-16 23:38:30] [stdout] [66/100] Scanning DVN...
[2026-03-16 23:38:30] [stdout] [67/100] Scanning E...
[2026-03-16 23:38:30] [stdout] [68/100] Scanning ECVT...
[2026-03-16 23:38:30] [stdout] [69/100] Scanning EGY...
[2026-03-16 23:38:30] [stdout] [70/100] Scanning EMBJ...
[2026-03-16 23:38:30] [stdout] [71/100] Scanning ERIC...
[2026-03-16 23:38:30] [stdout] [72/100] Scanning EWBC...
[2026-03-16 23:38:30] [stdout] [73/100] Scanning FBIN...
[2026-03-16 23:38:30] [stdout] [74/100] Scanning FG...
[2026-03-16 23:38:30] [stdout] [75/100] Scanning FINV...
[2026-03-16 23:38:30] [stdout] [76/100] Scanning FLGT...
[2026-03-16 23:38:30] [stdout] [77/100] Scanning FNB...
[2026-03-16 23:38:30] [stdout] [78/100] Scanning FUTU...
[2026-03-16 23:38:30] [stdout] [79/100] Scanning FWRD...
[2026-03-16 23:38:30] [stdout] [80/100] Scanning GIII...
[2026-03-16 23:38:30] [stdout] [81/100] Scanning GLDD...
[2026-03-16 23:38:30] [stdout] [82/100] Scanning GLNG...
[2026-03-16 23:38:30] [stdout] [83/100] Scanning GO...
[2026-03-16 23:38:30] [stdout] [84/100] Scanning GPC...
[2026-03-16 23:38:30] [stdout] [85/100] Scanning GPCR...
[2026-03-16 23:38:30] [stdout] [86/100] Scanning GPGI...
[2026-03-16 23:38:30] [stdout] [87/100] Scanning GPRK...
[2026-03-16 23:38:30] [stdout] [88/100] Scanning GRNT...
[2026-03-16 23:38:30] [stdout] [89/100] Scanning GRPN...
[2026-03-16 23:38:30] [stdout] [90/100] Scanning GSM...
[2026-03-16 23:38:30] [stdout] [91/100] Scanning GTLS...
[2026-03-16 23:38:30] [stdout] [92/100] Scanning HAFN...
[2026-03-16 23:38:30] [stdout] [93/100] Scanning HIMX...
[2026-03-16 23:38:30] [stdout] [94/100] Scanning HMC...
[2026-03-16 23:38:30] [stdout] [95/100] Scanning HNRG...
[2026-03-16 23:38:30] [stdout] [96/100] Scanning HOLX...
[2026-03-16 23:38:30] [stdout] [97/100] Scanning IMTX...
[2026-03-16 23:38:30] [stdout] [98/100] Scanning INN...
[2026-03-16 23:38:30] [stdout] [99/100] Scanning ITGR...
[2026-03-16 23:38:30] [stdout] [100/100] Scanning JBI...
[2026-03-16 23:38:30] [stdout] 
[2026-03-16 23:38:30] [stdout] Top candidates:
[2026-03-16 23:38:30] [stdout] 
[2026-03-16 23:38:30] [stdout]  scan_date ticker  price  market_cap  float_shares  rel_volume  dollar_volume  vol_expansion_score  compression_score  breakout_score  trend_score  news_score  short_interest_score  premarket_gap_score  social_score  insider_score  total_score                                                                                                                  reason  repeat_count_30d        scan_time_utc  event_intel_score  sec_insider_score  anomaly_score        anomaly_label                                                               anomaly_flags  baseline_sample_size                                                                       event_tags                                                                                                                                      event_intel_reason
[2026-03-16 23:38:30] [stdout] 2026-03-16   DSGN  10.99   626031680    29203674.0        5.45    12389224.56                 3.00                0.0             2.0          3.0         1.0                   1.0                  0.0           0.0            0.0        18.00 unusual volume, multi-day volume expansion, near breakout, trend improving, elevated news flow, short squeeze potential                 3 2026-03-17T00:53:19Z               0.00               0.00           0.00    Baseline Building                                                                         NaN                     1                                                                              NaN no event-intel signals; SEC=recent Form 4 filings found, but no actionable transactions parsed; SAM=SAM_API_KEY not set; Congress=HOUSE_PTR_CSV not set
[2026-03-16 23:38:30] [stdout] 2026-03-16    ABX   9.92   969708352    43465209.0        1.51    10172602.96                 2.41                0.0             1.0          3.0         2.0                   3.0                  0.0           0.0            0.0        15.91                                multi-day volume expansion, trend improving, elevated news flow, short squeeze potential                 7 2026-03-17T00:51:41Z               3.90               9.75           3.36 Elevated vs Baseline event_intel_score, sec_insider_score, signal_count, days_since_latest_event                     3             buy, form4, insider, open_market_buy, open_market_sale, parsed, sell                                                    meaningful insider filing activity, latest event 1 day(s) ago, insider accumulation detected for abx
[2026-03-16 23:38:30] [stdout] 2026-03-16   CTMX   6.75  1143688960   122806774.0       42.46   796788866.25                 3.00                0.0             0.0          3.0         0.0                   1.0                  2.0           0.0            0.0        15.00                      unusual volume, multi-day volume expansion, trend improving, short squeeze potential, gap strength                 3 2026-03-17T00:53:18Z               2.08               5.20           0.00    Baseline Building                                                                         NaN                     1                                                      buy, form4, insider, parsed                                                              recent insider filings, latest event 41 day(s) ago, insider accumulation detected for ctmx
[2026-03-16 23:38:30] [stdout] 2026-03-16   BCRX   9.30  2332445952   218183999.0        3.99   183158593.36                 3.00                0.0             0.0          3.0         1.0                   2.0                  0.0           0.0            0.0        14.39                unusual volume, multi-day volume expansion, trend improving, elevated news flow, short squeeze potential                 3 2026-03-17T00:51:56Z               2.90               7.24           0.00    Baseline Building                                                                         NaN                     1                               buy, form4, insider, option_exercise, parsed, sell                                                       meaningful insider filing activity, latest event 14 day(s) ago, insider selling detected for bcrx
[2026-03-16 23:38:30] [stdout] 2026-03-16   GPRK   9.15   472725472    22642244.0        1.56    13756566.93                 3.00                1.0             3.0          3.0         0.5                   0.0                  0.0           0.0            0.0        14.28                                                              multi-day volume expansion, near breakout, trend improving                 2 2026-03-17T00:53:20Z               0.00               0.00           0.00          No Baseline                                                                         NaN                     0                                                                              NaN no event-intel signals; SEC=recent Form 4 filings found, but no actionable transactions parsed; SAM=SAM_API_KEY not set; Congress=HOUSE_PTR_CSV not set
[2026-03-16 23:38:30] [stdout] 2026-03-16   ERIC  11.97 40268341248  2908414070.0        1.84   168806318.30                 1.06                1.0             3.0          3.0         2.5                   1.0                  0.0           0.0            0.0        13.88                                             near breakout, trend improving, elevated news flow, short squeeze potential                 2 2026-03-17T00:53:19Z               0.00               0.00           0.00          No Baseline                                                                         NaN                     0                                                                              NaN                                           no event-intel signals; SEC=no recent Form 4 filings; SAM=SAM_API_KEY not set; Congress=HOUSE_PTR_CSV not set
[2026-03-16 23:38:30] [stdout] 2026-03-16   AGRO  10.90  1541976576    19962240.0        1.73    18593328.35                 0.00                0.0             3.0          3.0         3.0                   0.0                  0.0           0.0            0.0        12.88                                                                      near breakout, trend improving, elevated news flow                 2 2026-03-17T00:51:42Z               0.00               0.00           0.00          No Baseline                                                                         NaN                     0                                                                              NaN                                           no event-intel signals; SEC=no recent Form 4 filings; SAM=SAM_API_KEY not set; Congress=HOUSE_PTR_CSV not set
[2026-03-16 23:38:30] [stdout] 2026-03-16     BW  11.74  1531447808    93418315.0        1.76    96750453.41                 3.00                0.0             0.0          3.0         3.0                   0.0                  0.0           0.0            0.0        12.52                                                         multi-day volume expansion, trend improving, elevated news flow                 7 2026-03-17T00:52:36Z               2.99               7.47           0.00      Within Baseline                                                                         NaN                     3 form4, insider, open_market_sale, option_exercise, parsed, sell, tax_withholding                                                          meaningful insider filing activity, latest event 8 day(s) ago, insider selling detected for bw
[2026-03-16 23:38:30] [stdout] 2026-03-16   CGAU  18.28  3659364608   199491208.0        1.89    57508004.72                 3.00                0.0             0.0          2.0         3.0                   0.0                  0.0           0.0            0.0        10.27                                                         multi-day volume expansion, trend improving, elevated news flow                 2 2026-03-17T00:52:37Z               0.00               0.00           0.00          No Baseline                                                                         NaN                     0                                                                              NaN                                           no event-intel signals; SEC=no recent Form 4 filings; SAM=SAM_API_KEY not set; Congress=HOUSE_PTR_CSV not set
[2026-03-16 23:38:30] [stdout] 2026-03-16   BRCB  16.20   283150944    16568349.0        2.20    23710207.72                 3.00                0.0             0.0          1.0         0.5                   0.0                  0.0           0.0            0.0        10.24                                                                              unusual volume, multi-day volume expansion                 3 2026-03-17T00:52:31Z               1.50               3.75           0.00    Baseline Building                                                                         NaN                     1                                           administrative, form4, insider, parsed                                                              recent insider filings, latest event 5 day(s) ago, recent insider filing activity for brcb
[2026-03-16 23:38:30] [stdout] 2026-03-16   HNRG  15.97   750900672    35935825.0        3.18    28911481.62                 3.00                0.0             0.0          0.0         0.5                   1.0                  0.0           0.0            0.0        10.22                                                     unusual volume, multi-day volume expansion, short squeeze potential                 2 2026-03-17T00:53:43Z               3.08               7.70           0.00          No Baseline                                                                         NaN                     0                                                      buy, form4, insider, parsed                                                   meaningful insider filing activity, latest event 6 day(s) ago, insider accumulation detected for hnrg
[2026-03-16 23:38:30] [stdout] 2026-03-16   ALOY  11.25   642500608    53935198.0        1.71    23408583.75                 1.80                0.0             0.0          1.0         3.0                   0.0                  1.0           0.0            0.0        10.01                                                            multi-day volume expansion, elevated news flow, gap strength                 7 2026-03-17T00:51:48Z               0.78               1.95           0.00      Within Baseline                                                                         NaN                     3                                                         form4, insider, unparsed                                                                       recent insider filings, latest event 12 day(s) ago, recent form 4 filing for aloy
[2026-03-16 23:38:30] [stdout] 2026-03-16   ARIS  19.00  3886243584   187913122.0        2.34    62806761.00                 3.00                0.0             0.0          1.0         3.0                   0.0                  0.0           0.0            0.0        10.01                                                          unusual volume, multi-day volume expansion, elevated news flow                 2 2026-03-17T00:51:49Z               0.00               0.00           0.00          No Baseline                                                                         NaN                     0                                                                              NaN                                           no event-intel signals; SEC=no recent Form 4 filings; SAM=SAM_API_KEY not set; Congress=HOUSE_PTR_CSV not set
[2026-03-16 23:38:30] [stdout] 2026-03-16   BMBL   3.87   615131392    68367169.0        1.53    31909592.57                 1.47                0.0             0.0          2.0         1.0                   1.5                  0.0           0.0            0.0         9.50                                                            trend improving, elevated news flow, short squeeze potential                 7 2026-03-17T00:52:13Z               3.18               7.96           0.00      Within Baseline                                                                         NaN                     3                                    form4, insider, parsed, sell, tax_withholding                                                        meaningful insider filing activity, latest event 5 day(s) ago, insider selling detected for bmbl
[2026-03-16 23:38:30] [stdout] 2026-03-16   FINV   5.49  1426549248   603949278.0        2.41    12346619.70                 3.00                1.0             0.0          2.0         0.0                   0.0                  0.0           0.0            0.0         9.49                                                             unusual volume, multi-day volume expansion, trend improving                 2 2026-03-17T00:53:20Z               0.00               0.00           0.00          No Baseline                                                                         NaN                     0                                                                              NaN                                           no event-intel signals; SEC=no recent Form 4 filings; SAM=SAM_API_KEY not set; Congress=HOUSE_PTR_CSV not set
[2026-03-16 23:38:30] [stdout] 2026-03-16   GRNT   5.28   693006784    63509386.0        1.53     6298966.33                 0.15                0.0             2.0          3.0         1.0                   1.0                  0.0           0.0            0.0         9.01                                             near breakout, trend improving, elevated news flow, short squeeze potential                 2 2026-03-17T00:53:35Z               3.84               9.60           0.00          No Baseline                                                                         NaN                     0              buy, form4, insider, open_market_buy, parsed, sell, tax_withholding                                                   meaningful insider filing activity, latest event 1 day(s) ago, insider accumulation detected for grnt
[2026-03-16 23:38:30] [stdout] 2026-03-16    ALM  19.29  4947670528   167120051.0        1.72   162193375.52                 0.75                0.0             0.0          3.0         3.0                   0.0                  1.0           0.0            0.0         8.77                                                                       trend improving, elevated news flow, gap strength                 2 2026-03-17T00:51:42Z               0.00               0.00           0.00          No Baseline                                                                         NaN                     0                                                                              NaN                                           no event-intel signals; SEC=no recent Form 4 filings; SAM=SAM_API_KEY not set; Congress=HOUSE_PTR_CSV not set
[2026-03-16 23:38:30] [stdout] 2026-03-16   CION   6.69   348460736           NaN        1.93     8760060.01                 3.00                0.0             0.0          0.0         1.0                   0.0                  0.0           0.0            0.0         8.72                                                                          multi-day volume expansion, elevated news flow                 7 2026-03-17T00:52:38Z               0.00               0.00           0.00      Within Baseline                                                                         NaN                     3                                                                              NaN no event-intel signals; SEC=recent Form 4 filings found, but no actionable transactions parsed; SAM=SAM_API_KEY not set; Congress=HOUSE_PTR_CSV not set
[2026-03-16 23:38:30] [stdout] 2026-03-16   HIMX   9.56  1672172288   247496277.0        1.63    59232653.64                 3.00                0.0             0.0          2.0         1.0                   0.0                  0.0           0.0            0.0         8.36                                                         multi-day volume expansion, trend improving, elevated news flow                 2 2026-03-17T00:53:39Z               0.00               0.00           0.00          No Baseline                                                                         NaN                     0                                                                              NaN                                           no event-intel signals; SEC=no recent Form 4 filings; SAM=SAM_API_KEY not set; Congress=HOUSE_PTR_CSV not set
[2026-03-16 23:38:30] [stdout] 2026-03-16   BLDP   2.53   760868800   300648652.0        1.90    15991854.05                 1.00                0.0             1.0          2.0         0.5                   1.0                  0.0           0.0            0.0         8.08                                                                                trend improving, short squeeze potential                 2 2026-03-17T00:52:02Z               0.00               0.00           0.00          No Baseline                                                                         NaN                     0                                                                              NaN                                           no event-intel signals; SEC=no recent Form 4 filings; SAM=SAM_API_KEY not set; Congress=HOUSE_PTR_CSV not set
[2026-03-16 23:38:30] [stdout] 2026-03-16   CLOV   1.97  1033594560   408736802.0        1.62    16892734.49                 3.00                0.0             0.0          0.0         1.0                   1.0                  0.0           0.0            0.0         7.75                                                 multi-day volume expansion, elevated news flow, short squeeze potential                 2 2026-03-17T00:52:49Z               2.87               7.17           0.00          No Baseline                                                                         NaN                     0                  form4, insider, open_market_sale, parsed, sell, tax_withholding                                                       meaningful insider filing activity, latest event 12 day(s) ago, insider selling detected for clov
[2026-03-16 23:38:30] [stdout] 2026-03-16   BRBR  18.68  2212186624   108374630.0        1.55    93458115.01                 0.56                0.0             1.0          1.0         3.0                   0.0                  0.0           0.0            0.0         7.33                                                                                                      elevated news flow                 2 2026-03-17T00:52:30Z               3.18               7.96           0.00          No Baseline                                                                         NaN                     0                               buy, form4, insider, open_market_buy, parsed, sell                                                   meaningful insider filing activity, latest event 6 day(s) ago, insider accumulation detected for brbr
[2026-03-16 23:38:30] [stdout] 2026-03-16   CMCO  14.50   416720800    27761219.0        1.77    12464707.50                 3.00                0.0             0.0          0.0         0.0                   0.0                  0.0           0.0            0.0         7.12                                                                                              multi-day volume expansion                 2 2026-03-17T00:53:13Z               2.92               7.30           0.00          No Baseline                                                                         NaN                     0   buy, form4, insider, open_market_sale, parsed, sell, tax_withholding, unparsed                                                       meaningful insider filing activity, latest event 14 day(s) ago, insider selling detected for cmco
[2026-03-16 23:38:30] [stdout] 2026-03-16    BGY   5.59   506534816           NaN        1.64     2874713.48                 2.84                1.0             0.0          0.0         0.0                   0.0                  0.0           0.0            0.0         6.78                                                                                              multi-day volume expansion                 2 2026-03-17T00:52:01Z               2.42               6.06           0.00          No Baseline                                                                         NaN                     0                               buy, form4, insider, option_exercise, parsed, sell                                                        meaningful insider filing activity, latest event 42 day(s) ago, insider selling detected for bgy
[2026-03-16 23:38:30] [stdout] 2026-03-16   GRPN  10.29   419366944    29022811.0        1.64    22815512.71                 0.00                0.0             0.0          0.0         0.0                   3.0                  0.0           0.0            0.0         6.37                                                                                                 short squeeze potential                 2 2026-03-17T00:53:38Z               3.58               8.96           0.00          No Baseline                                                                         NaN                     0   administrative, form4, insider, option_exercise, parsed, sell, tax_withholding                                                        meaningful insider filing activity, latest event 1 day(s) ago, insider selling detected for grpn
[2026-03-16 23:38:30] [stdout] 
[2026-03-16 23:38:30] [stdout] Saved ranked results to: explosive_play_candidates.csv
[2026-03-16 23:38:30] [stdout] Appended results to history file: explosive_play_historical_scans.csv
[2026-03-16 23:38:30] [stdout] Event-intel merge: merged event-intel data (rows=28, used_composite=False)
[2026-03-16 23:38:30] explosive_scanner finished | end_utc=2026-03-17T03:38:30Z | elapsed_seconds=959.592
[2026-03-16 23:38:30] event_intel_scanner started | start_utc=2026-03-17T03:38:30Z
[2026-03-16 23:38:30] RUN: C:\Users\jkers\AppData\Local\Programs\Python\Python313\python.exe event_intel_scanner.py --input-csv explosive_play_candidates.csv --ticker-column ticker --output event_intel_scan.csv --history event_intel_history.csv
[2026-03-16 23:40:36] [stdout] Scanning 28 ticker(s) for event intelligence...
[2026-03-16 23:40:36] [stdout] [1/28] ABX
[2026-03-16 23:40:36] [stdout] [2/28] AGRO
[2026-03-16 23:40:36] [stdout] [3/28] ALM
[2026-03-16 23:40:36] [stdout] [4/28] ALOY
[2026-03-16 23:40:36] [stdout] [5/28] ARIS
[2026-03-16 23:40:36] [stdout] [6/28] BBAR
[2026-03-16 23:40:36] [stdout] [7/28] BCRX
[2026-03-16 23:40:36] [stdout] [8/28] BGY
[2026-03-16 23:40:36] [stdout] [9/28] BLDP
[2026-03-16 23:40:36] [stdout] [10/28] BLND
[2026-03-16 23:40:36] [stdout] [11/28] BMBL
[2026-03-16 23:40:36] [stdout] [12/28] BRBR
[2026-03-16 23:40:36] [stdout] [13/28] BRCB
[2026-03-16 23:40:36] [stdout] [14/28] BW
[2026-03-16 23:40:36] [stdout] [15/28] BWLP
[2026-03-16 23:40:36] [stdout] [16/28] CGAU
[2026-03-16 23:40:36] [stdout] [17/28] CION
[2026-03-16 23:40:36] [stdout] [18/28] CLOV
[2026-03-16 23:40:36] [stdout] [19/28] CMCO
[2026-03-16 23:40:36] [stdout] [20/28] CTMX
[2026-03-16 23:40:36] [stdout] [21/28] DSGN
[2026-03-16 23:40:36] [stdout] [22/28] ERIC
[2026-03-16 23:40:36] [stdout] [23/28] FINV
[2026-03-16 23:40:36] [stdout] [24/28] GPRK
[2026-03-16 23:40:36] [stdout] [25/28] GRNT
[2026-03-16 23:40:36] [stdout] [26/28] GRPN
[2026-03-16 23:40:36] [stdout] [27/28] HIMX
[2026-03-16 23:40:36] [stdout] [28/28] HNRG
[2026-03-16 23:40:36] [stdout] 
[2026-03-16 23:40:36] [stdout] Top event-intel results:
[2026-03-16 23:40:36] [stdout] 
[2026-03-16 23:40:36] [stdout]        scan_time_utc ticker                                    company_name  sec_insider_score  congressional_score  procurement_score  ownership_score  event_intel_score  signal_count  days_since_latest_event       confidence_label                                                                            event_tags top_sources                                                                                                        reason  baseline_sample_size  baseline_window_days  baseline_event_intel_median  baseline_signal_count_median  baseline_days_since_latest_event_median  event_intel_score_z  signal_count_z  freshness_z  anomaly_score        anomaly_label                                                               anomaly_flags                                                            anomaly_reason  novel_tag_count  novel_source_count
[2026-03-16 23:40:36] [stdout] 2026-03-17T03:38:47Z    ABX                  Abacus Global Management, Inc.               9.75                  0.0                0.0              0.0               3.90            19                      1.0 Insider Activity Watch                  buy, form4, insider, open_market_buy, open_market_sale, parsed, sell   SEC EDGAR          meaningful insider filing activity, latest event 1 day(s) ago, insider accumulation detected for abx                     4                     1                         2.47                           9.0                                     25.0                 1.91            2.31         2.31           3.19 Elevated vs Baseline event_intel_score, sec_insider_score, signal_count, days_since_latest_event insider activity spike, signal count spike, events are fresher than usual                0                   0
[2026-03-16 23:40:36] [stdout] 2026-03-17T03:40:29Z   GRNT                   Granite Ridge Resources, Inc.               9.60                  0.0                0.0              0.0               3.84            12                      1.0 Insider Activity Watch                   buy, form4, insider, open_market_buy, parsed, sell, tax_withholding   SEC EDGAR         meaningful insider filing activity, latest event 1 day(s) ago, insider accumulation detected for grnt                     1                     0                         3.84                          12.0                                      1.0                 0.00            0.00         0.00           0.00    Baseline Building                                                                                                          baseline still building from 1 prior scan(s)                0                   0
[2026-03-16 23:40:36] [stdout] 2026-03-17T03:40:32Z   GRPN                                   Groupon, Inc.               8.96                  0.0                0.0              0.0               3.58             2                      1.0 Insider Activity Watch        administrative, form4, insider, option_exercise, parsed, sell, tax_withholding   SEC EDGAR              meaningful insider filing activity, latest event 1 day(s) ago, insider selling detected for grpn                     1                     0                         3.58                           2.0                                      1.0                 0.00            0.00         0.00           0.00    Baseline Building                                                                                                          baseline still building from 1 prior scan(s)                0                   0
[2026-03-16 23:40:36] [stdout] 2026-03-17T03:39:18Z   BMBL                                     Bumble Inc.               7.96                  0.0                0.0              0.0               3.18             2                      5.0 Insider Activity Watch                                         form4, insider, parsed, sell, tax_withholding   SEC EDGAR              meaningful insider filing activity, latest event 5 day(s) ago, insider selling detected for bmbl                     4                     1                         3.18                           2.0                                      3.0                 0.00            0.00        -2.31           0.00      Within Baseline                                                                                                 current activity is within the recent ticker baseline                0                   0
[2026-03-16 23:40:36] [stdout] 2026-03-17T03:39:31Z   BRBR                           BELLRING BRANDS, INC.               7.96                  0.0                0.0              0.0               3.18            14                      6.0 Insider Activity Watch                                    buy, form4, insider, open_market_buy, parsed, sell   SEC EDGAR         meaningful insider filing activity, latest event 6 day(s) ago, insider accumulation detected for brbr                     1                     0                         3.18                          14.0                                      6.0                 0.00            0.00         0.00           0.00    Baseline Building                                                                                                          baseline still building from 1 prior scan(s)                0                   0
[2026-03-16 23:40:36] [stdout] 2026-03-17T03:40:36Z   HNRG                              HALLADOR ENERGY CO               7.70                  0.0                0.0              0.0               3.08             3                      6.0 Insider Activity Watch                                                           buy, form4, insider, parsed   SEC EDGAR         meaningful insider filing activity, latest event 6 day(s) ago, insider accumulation detected for hnrg                     1                     0                         3.08                           3.0                                      6.0                 0.00            0.00         0.00           0.00    Baseline Building                                                                                                          baseline still building from 1 prior scan(s)                0                   0
[2026-03-16 23:40:36] [stdout] 2026-03-17T03:39:15Z   BLND                                Blend Labs, Inc.               7.47                  0.0                0.0              0.0               2.99             8                     19.0 Insider Activity Watch buy, form4, insider, open_market_sale, option_exercise, parsed, sell, tax_withholding   SEC EDGAR             meaningful insider filing activity, latest event 19 day(s) ago, insider selling detected for blnd                     4                     1                         2.99                           8.0                                     17.0                 0.00            0.00        -0.78           0.00      Within Baseline                                                                                                 current activity is within the recent ticker baseline                0                   0
[2026-03-16 23:40:36] [stdout] 2026-03-17T03:39:37Z     BW              Babcock & Wilcox Enterprises, Inc.               7.47                  0.0                0.0              0.0               2.99             4                      8.0 Insider Activity Watch      form4, insider, open_market_sale, option_exercise, parsed, sell, tax_withholding   SEC EDGAR                meaningful insider filing activity, latest event 8 day(s) ago, insider selling detected for bw                     4                     1                         3.77                           4.0                                      6.0                -1.04            0.00        -2.22           0.00      Within Baseline                                                                                                 current activity is within the recent ticker baseline                0                   0
[2026-03-16 23:40:36] [stdout] 2026-03-17T03:40:07Z   CMCO                          COLUMBUS MCKINNON CORP               7.30                  0.0                0.0              0.0               2.92            20                     14.0 Insider Activity Watch        buy, form4, insider, open_market_sale, parsed, sell, tax_withholding, unparsed   SEC EDGAR             meaningful insider filing activity, latest event 14 day(s) ago, insider selling detected for cmco                     1                     0                         2.92                          20.0                                     14.0                 0.00            0.00         0.00           0.00    Baseline Building                                                                                                          baseline still building from 1 prior scan(s)                0                   0
[2026-03-16 23:40:36] [stdout] 2026-03-17T03:39:02Z   BCRX                    BIOCRYST PHARMACEUTICALS INC               7.24                  0.0                0.0              0.0               2.90             6                     14.0 Insider Activity Watch                                    buy, form4, insider, option_exercise, parsed, sell   SEC EDGAR             meaningful insider filing activity, latest event 14 day(s) ago, insider selling detected for bcrx                     2                     0                         2.90                           6.0                                     13.5                 0.00            0.00        -0.25           0.00    Baseline Building                                                                                                          baseline still building from 2 prior scan(s)                0                   0
[2026-03-16 23:40:36] [stdout] 2026-03-17T03:39:48Z   CLOV            CLOVER HEALTH INVESTMENTS, CORP. /DE               7.17                  0.0                0.0              0.0               2.87             9                     12.0 Insider Activity Watch                       form4, insider, open_market_sale, parsed, sell, tax_withholding   SEC EDGAR             meaningful insider filing activity, latest event 12 day(s) ago, insider selling detected for clov                     1                     0                         2.87                           9.0                                     12.0                 0.00            0.00         0.00           0.00    Baseline Building                                                                                                          baseline still building from 1 prior scan(s)                0                   0
[2026-03-16 23:40:36] [stdout] 2026-03-17T03:39:06Z    BGY BlackRock Enhanced International Dividend Trust               6.06                  0.0                0.0              0.0               2.42             4                     42.0 Insider Activity Watch                                    buy, form4, insider, option_exercise, parsed, sell   SEC EDGAR              meaningful insider filing activity, latest event 42 day(s) ago, insider selling detected for bgy                     1                     0                         2.42                           4.0                                     42.0                 0.00            0.00         0.00           0.00    Baseline Building                                                                                                          baseline still building from 1 prior scan(s)                0                   0
[2026-03-16 23:40:36] [stdout] 2026-03-17T03:40:13Z   CTMX                       CytomX Therapeutics, Inc.               5.20                  0.0                0.0              0.0               2.08             5                     41.0       Low Event Signal                                                           buy, form4, insider, parsed   SEC EDGAR                    recent insider filings, latest event 41 day(s) ago, insider accumulation detected for ctmx                     2                     0                         2.08                           5.0                                     40.5                 0.00            0.00        -0.08           0.00    Baseline Building                                                                                                          baseline still building from 2 prior scan(s)                0                   0
[2026-03-16 23:40:36] [stdout] 2026-03-17T03:39:33Z   BRCB                     Black Rock Coffee Bar, Inc.               3.75                  0.0                0.0              0.0               1.50             1                      5.0       Low Event Signal                                                administrative, form4, insider, parsed   SEC EDGAR                    recent insider filings, latest event 5 day(s) ago, recent insider filing activity for brcb                     2                     0                         1.50                           1.0                                      4.5                 0.00            0.00        -0.67           0.00    Baseline Building                                                                                                          baseline still building from 2 prior scan(s)                0                   0
[2026-03-16 23:40:36] [stdout] 2026-03-17T03:38:54Z   ALOY                                   REALLOYS INC.               1.95                  0.0                0.0              0.0               0.78             6                     12.0       Low Event Signal                                                              form4, insider, unparsed   SEC EDGAR                             recent insider filings, latest event 12 day(s) ago, recent form 4 filing for aloy                     4                     1                         0.78                           6.0                                     10.0                 0.00            0.00        -1.33           0.00      Within Baseline                                                                                                 current activity is within the recent ticker baseline                0                   0
[2026-03-16 23:40:36] [stdout] 2026-03-17T03:38:48Z   AGRO                                  Adecoagro S.A.               0.00                  0.0                0.0              0.0               0.00             0                      NaN       Low Event Signal                                                                                                   no event-intel signals; SEC=no recent Form 4 filings; SAM=SAM_API_KEY not set; Congress=HOUSE_PTR_CSV not set                     1                     0                         0.00                           0.0                                      NaN                 0.00            0.00         0.00           0.00    Baseline Building                                                                                                          baseline still building from 1 prior scan(s)                0                   0
[2026-03-16 23:40:36] [stdout] 2026-03-17T03:38:48Z    ALM                         Almonty Industries Inc.               0.00                  0.0                0.0              0.0               0.00             0                      NaN       Low Event Signal                                                                                                   no event-intel signals; SEC=no recent Form 4 filings; SAM=SAM_API_KEY not set; Congress=HOUSE_PTR_CSV not set                     1                     0                         0.00                           0.0                                      NaN                 0.00            0.00         0.00           0.00    Baseline Building                                                                                                          baseline still building from 1 prior scan(s)                0                   0
[2026-03-16 23:40:36] [stdout] 2026-03-17T03:38:55Z   ARIS                                Aris Mining Corp               0.00                  0.0                0.0              0.0               0.00             0                      NaN       Low Event Signal                                                                                                   no event-intel signals; SEC=no recent Form 4 filings; SAM=SAM_API_KEY not set; Congress=HOUSE_PTR_CSV not set                     1                     0                         0.00                           0.0                                      NaN                 0.00            0.00         0.00           0.00    Baseline Building                                                                                                          baseline still building from 1 prior scan(s)                0                   0
[2026-03-16 23:40:36] [stdout] 2026-03-17T03:38:56Z   BBAR                       Banco BBVA Argentina S.A.               0.00                  0.0                0.0              0.0               0.00             0                      NaN       Low Event Signal                                                                                                   no event-intel signals; SEC=no recent Form 4 filings; SAM=SAM_API_KEY not set; Congress=HOUSE_PTR_CSV not set                     1                     0                         0.00                           0.0                                      NaN                 0.00            0.00         0.00           0.00    Baseline Building                                                                                                          baseline still building from 1 prior scan(s)                0                   0
[2026-03-16 23:40:36] [stdout] 2026-03-17T03:39:07Z   BLDP                      Ballard Power Systems Inc.               0.00                  0.0                0.0              0.0               0.00             0                      NaN       Low Event Signal                                                                                                   no event-intel signals; SEC=no recent Form 4 filings; SAM=SAM_API_KEY not set; Congress=HOUSE_PTR_CSV not set                     1                     0                         0.00                           0.0                                      NaN                 0.00            0.00         0.00           0.00    Baseline Building                                                                                                          baseline still building from 1 prior scan(s)                0                   0
[2026-03-16 23:40:36] [stdout] 
[2026-03-16 23:40:36] [stdout] Saved output to: event_intel_scan.csv
[2026-03-16 23:40:36] event_intel_scanner finished | end_utc=2026-03-17T03:40:36Z | elapsed_seconds=126.375
[2026-03-16 23:40:36] merge_event_intel started | start_utc=2026-03-17T03:40:36Z
[2026-03-16 23:40:36] merge_event_intel finished | end_utc=2026-03-17T03:40:36Z | elapsed_seconds=0.034
[2026-03-16 23:40:36] auto_evaluator started | start_utc=2026-03-17T03:40:36Z
[2026-03-16 23:40:36] RUN: C:\Users\jkers\AppData\Local\Programs\Python\Python313\python.exe explosive_play_evaluator.py --explosive-history explosive_play_historical_scans.csv --event-history event_intel_history.csv --output explosive_play_eval.csv --top-n 5,10,20 --auto-evaluate --composite-weights 0.65,0.25,0.10
[2026-03-16 23:40:51] [stdout] 
[2026-03-16 23:40:51] [stdout] Evaluation summary
[2026-03-16 23:40:51] [stdout] Rows: 0 | Date window: min to max
[2026-03-16 23:40:51] [stdout] Total historical scans: 205
[2026-03-16 23:40:51] [stdout] Rows eligible for evaluation: 0
[2026-03-16 23:40:51] [stdout] Rows skipped due to insufficient forward data: 205
[2026-03-16 23:40:51] [stdout] Composite weights: (0.65, 0.25, 0.1)
[2026-03-16 23:40:51] [stdout] Spearman corr base: n/a
[2026-03-16 23:40:51] [stdout] Spearman corr composite: n/a
[2026-03-16 23:40:51] [stdout] 
[2026-03-16 23:40:51] [stdout] Hit-rate / return snapshots:
[2026-03-16 23:40:51] [stdout] Base Top 5 on total_score: no data
[2026-03-16 23:40:51] [stdout] Base Top 10 on total_score: no data
[2026-03-16 23:40:51] [stdout] Base Top 20 on total_score: no data
[2026-03-16 23:40:51] [stdout] Merge Top 5 on composite_score: no data
[2026-03-16 23:40:51] [stdout] Merge Top 10 on composite_score: no data
[2026-03-16 23:40:51] [stdout] Merge Top 20 on composite_score: no data
[2026-03-16 23:40:51] [stdout] 
[2026-03-16 23:40:51] [stdout] Wrote detailed evaluation rows to: explosive_play_eval.csv
[2026-03-16 23:40:51] auto_evaluator finished | end_utc=2026-03-17T03:40:51Z | elapsed_seconds=15.049
[2026-03-16 23:40:51] 
[2026-03-16 23:40:51] End-of-run summary
[2026-03-16 23:40:51] Total explosive candidates found: 28
[2026-03-16 23:40:51] Total merged candidates: 28
[2026-03-16 23:40:51] Total historical rows: 205
[2026-03-16 23:40:51] Rows eligible for evaluation: 0
[2026-03-16 23:40:51] Rows skipped due to insufficient forward data: 205
[2026-03-16 23:40:51] Workflow status: success
[2026-03-16 23:40:51] Log file: logs\daily_scan_20260316_232230.log
